<!doctype html public "-//w3c//dtd html 4.0 transitional//en">
<html><head>
<title>Static Call Graph - [MET405\MET405.axf]</title></head>
<body><HR>
<H1>Static Call Graph for image MET405\MET405.axf</H1><HR>
<BR><P>#&#060CALLGRAPH&#062# ARM Linker, 6180002: Last Updated: Mon Feb 17 11:38:51 2025
<BR><P>
<H3>Maximum Stack Usage =       1452 bytes + Unknown(Cycles, Untraceable Function Pointers)</H3><H3>
Call chain for Maximum Stack Depth:</H3>
main &rArr; frikan_test &rArr; LayerKAN_LUT_forward_once &rArr; KAN_LUT_calc_spline_bases &rArr; puts
<P>
<H3>
Mutually Recursive functions
</H3> <LI><a href="#[9e]">CAN1_RX0_IRQHandler</a>&nbsp;&nbsp;&nbsp;&rArr;&nbsp;&nbsp;&nbsp;<a href="#[9e]">CAN1_RX0_IRQHandler</a><BR>
 <LI><a href="#[84]">BusFault_Handler</a>&nbsp;&nbsp;&nbsp;&rArr;&nbsp;&nbsp;&nbsp;<a href="#[84]">BusFault_Handler</a><BR>
 <LI><a href="#[82]">HardFault_Handler</a>&nbsp;&nbsp;&nbsp;&rArr;&nbsp;&nbsp;&nbsp;<a href="#[82]">HardFault_Handler</a><BR>
 <LI><a href="#[83]">MemManage_Handler</a>&nbsp;&nbsp;&nbsp;&rArr;&nbsp;&nbsp;&nbsp;<a href="#[83]">MemManage_Handler</a><BR>
 <LI><a href="#[85]">UsageFault_Handler</a>&nbsp;&nbsp;&nbsp;&rArr;&nbsp;&nbsp;&nbsp;<a href="#[85]">UsageFault_Handler</a><BR>
</UL>
<P>
<H3>
Function Pointers
</H3><UL>
 <LI><a href="#[9c]">ADC_IRQHandler</a> from stm32f4xx_it.o(.text.ADC_IRQHandler) referenced from startup_stm32f405xx.o(RESET)
 <LI><a href="#[84]">BusFault_Handler</a> from stm32f4xx_it.o(.text.BusFault_Handler) referenced from startup_stm32f405xx.o(RESET)
 <LI><a href="#[9e]">CAN1_RX0_IRQHandler</a> from startup_stm32f405xx.o(.text) referenced from startup_stm32f405xx.o(RESET)
 <LI><a href="#[9f]">CAN1_RX1_IRQHandler</a> from startup_stm32f405xx.o(.text) referenced from startup_stm32f405xx.o(RESET)
 <LI><a href="#[a0]">CAN1_SCE_IRQHandler</a> from startup_stm32f405xx.o(.text) referenced from startup_stm32f405xx.o(RESET)
 <LI><a href="#[9d]">CAN1_TX_IRQHandler</a> from startup_stm32f405xx.o(.text) referenced from startup_stm32f405xx.o(RESET)
 <LI><a href="#[c8]">CAN2_RX0_IRQHandler</a> from startup_stm32f405xx.o(.text) referenced from startup_stm32f405xx.o(RESET)
 <LI><a href="#[c9]">CAN2_RX1_IRQHandler</a> from startup_stm32f405xx.o(.text) referenced from startup_stm32f405xx.o(RESET)
 <LI><a href="#[ca]">CAN2_SCE_IRQHandler</a> from startup_stm32f405xx.o(.text) referenced from startup_stm32f405xx.o(RESET)
 <LI><a href="#[c7]">CAN2_TX_IRQHandler</a> from startup_stm32f405xx.o(.text) referenced from startup_stm32f405xx.o(RESET)
 <LI><a href="#[95]">DMA1_Stream0_IRQHandler</a> from startup_stm32f405xx.o(.text) referenced from startup_stm32f405xx.o(RESET)
 <LI><a href="#[96]">DMA1_Stream1_IRQHandler</a> from startup_stm32f405xx.o(.text) referenced from startup_stm32f405xx.o(RESET)
 <LI><a href="#[97]">DMA1_Stream2_IRQHandler</a> from startup_stm32f405xx.o(.text) referenced from startup_stm32f405xx.o(RESET)
 <LI><a href="#[98]">DMA1_Stream3_IRQHandler</a> from stm32f4xx_it.o(.text.DMA1_Stream3_IRQHandler) referenced from startup_stm32f405xx.o(RESET)
 <LI><a href="#[99]">DMA1_Stream4_IRQHandler</a> from startup_stm32f405xx.o(.text) referenced from startup_stm32f405xx.o(RESET)
 <LI><a href="#[9a]">DMA1_Stream5_IRQHandler</a> from startup_stm32f405xx.o(.text) referenced from startup_stm32f405xx.o(RESET)
 <LI><a href="#[9b]">DMA1_Stream6_IRQHandler</a> from startup_stm32f405xx.o(.text) referenced from startup_stm32f405xx.o(RESET)
 <LI><a href="#[b9]">DMA1_Stream7_IRQHandler</a> from startup_stm32f405xx.o(.text) referenced from startup_stm32f405xx.o(RESET)
 <LI><a href="#[c2]">DMA2_Stream0_IRQHandler</a> from startup_stm32f405xx.o(.text) referenced from startup_stm32f405xx.o(RESET)
 <LI><a href="#[c3]">DMA2_Stream1_IRQHandler</a> from startup_stm32f405xx.o(.text) referenced from startup_stm32f405xx.o(RESET)
 <LI><a href="#[c4]">DMA2_Stream2_IRQHandler</a> from startup_stm32f405xx.o(.text) referenced from startup_stm32f405xx.o(RESET)
 <LI><a href="#[c5]">DMA2_Stream3_IRQHandler</a> from startup_stm32f405xx.o(.text) referenced from startup_stm32f405xx.o(RESET)
 <LI><a href="#[c6]">DMA2_Stream4_IRQHandler</a> from startup_stm32f405xx.o(.text) referenced from startup_stm32f405xx.o(RESET)
 <LI><a href="#[cc]">DMA2_Stream5_IRQHandler</a> from startup_stm32f405xx.o(.text) referenced from startup_stm32f405xx.o(RESET)
 <LI><a href="#[cd]">DMA2_Stream6_IRQHandler</a> from startup_stm32f405xx.o(.text) referenced from startup_stm32f405xx.o(RESET)
 <LI><a href="#[ce]">DMA2_Stream7_IRQHandler</a> from startup_stm32f405xx.o(.text) referenced from startup_stm32f405xx.o(RESET)
 <LI><a href="#[87]">DebugMon_Handler</a> from stm32f4xx_it.o(.text.DebugMon_Handler) referenced from startup_stm32f405xx.o(RESET)
 <LI><a href="#[90]">EXTI0_IRQHandler</a> from startup_stm32f405xx.o(.text) referenced from startup_stm32f405xx.o(RESET)
 <LI><a href="#[b2]">EXTI15_10_IRQHandler</a> from stm32f4xx_it.o(.text.EXTI15_10_IRQHandler) referenced from startup_stm32f405xx.o(RESET)
 <LI><a href="#[91]">EXTI1_IRQHandler</a> from startup_stm32f405xx.o(.text) referenced from startup_stm32f405xx.o(RESET)
 <LI><a href="#[92]">EXTI2_IRQHandler</a> from startup_stm32f405xx.o(.text) referenced from startup_stm32f405xx.o(RESET)
 <LI><a href="#[93]">EXTI3_IRQHandler</a> from startup_stm32f405xx.o(.text) referenced from startup_stm32f405xx.o(RESET)
 <LI><a href="#[94]">EXTI4_IRQHandler</a> from startup_stm32f405xx.o(.text) referenced from startup_stm32f405xx.o(RESET)
 <LI><a href="#[a1]">EXTI9_5_IRQHandler</a> from startup_stm32f405xx.o(.text) referenced from startup_stm32f405xx.o(RESET)
 <LI><a href="#[8e]">FLASH_IRQHandler</a> from startup_stm32f405xx.o(.text) referenced from startup_stm32f405xx.o(RESET)
 <LI><a href="#[ba]">FMC_IRQHandler</a> from startup_stm32f405xx.o(.text) referenced from startup_stm32f405xx.o(RESET)
 <LI><a href="#[d7]">FPU_IRQHandler</a> from startup_stm32f405xx.o(.text) referenced from startup_stm32f405xx.o(RESET)
 <LI><a href="#[d6]">HASH_RNG_IRQHandler</a> from startup_stm32f405xx.o(.text) referenced from startup_stm32f405xx.o(RESET)
 <LI><a href="#[82]">HardFault_Handler</a> from stm32f4xx_it.o(.text.HardFault_Handler) referenced from startup_stm32f405xx.o(RESET)
 <LI><a href="#[aa]">I2C1_ER_IRQHandler</a> from startup_stm32f405xx.o(.text) referenced from startup_stm32f405xx.o(RESET)
 <LI><a href="#[a9]">I2C1_EV_IRQHandler</a> from startup_stm32f405xx.o(.text) referenced from startup_stm32f405xx.o(RESET)
 <LI><a href="#[ac]">I2C2_ER_IRQHandler</a> from startup_stm32f405xx.o(.text) referenced from startup_stm32f405xx.o(RESET)
 <LI><a href="#[ab]">I2C2_EV_IRQHandler</a> from startup_stm32f405xx.o(.text) referenced from startup_stm32f405xx.o(RESET)
 <LI><a href="#[d1]">I2C3_ER_IRQHandler</a> from startup_stm32f405xx.o(.text) referenced from startup_stm32f405xx.o(RESET)
 <LI><a href="#[d0]">I2C3_EV_IRQHandler</a> from startup_stm32f405xx.o(.text) referenced from startup_stm32f405xx.o(RESET)
 <LI><a href="#[83]">MemManage_Handler</a> from stm32f4xx_it.o(.text.MemManage_Handler) referenced from startup_stm32f405xx.o(RESET)
 <LI><a href="#[81]">NMI_Handler</a> from stm32f4xx_it.o(.text.NMI_Handler) referenced from startup_stm32f405xx.o(RESET)
 <LI><a href="#[cb]">OTG_FS_IRQHandler</a> from startup_stm32f405xx.o(.text) referenced from startup_stm32f405xx.o(RESET)
 <LI><a href="#[b4]">OTG_FS_WKUP_IRQHandler</a> from startup_stm32f405xx.o(.text) referenced from startup_stm32f405xx.o(RESET)
 <LI><a href="#[d3]">OTG_HS_EP1_IN_IRQHandler</a> from startup_stm32f405xx.o(.text) referenced from startup_stm32f405xx.o(RESET)
 <LI><a href="#[d2]">OTG_HS_EP1_OUT_IRQHandler</a> from startup_stm32f405xx.o(.text) referenced from startup_stm32f405xx.o(RESET)
 <LI><a href="#[d5]">OTG_HS_IRQHandler</a> from startup_stm32f405xx.o(.text) referenced from startup_stm32f405xx.o(RESET)
 <LI><a href="#[d4]">OTG_HS_WKUP_IRQHandler</a> from startup_stm32f405xx.o(.text) referenced from startup_stm32f405xx.o(RESET)
 <LI><a href="#[8b]">PVD_IRQHandler</a> from startup_stm32f405xx.o(.text) referenced from startup_stm32f405xx.o(RESET)
 <LI><a href="#[88]">PendSV_Handler</a> from stm32f4xx_it.o(.text.PendSV_Handler) referenced from startup_stm32f405xx.o(RESET)
 <LI><a href="#[8f]">RCC_IRQHandler</a> from startup_stm32f405xx.o(.text) referenced from startup_stm32f405xx.o(RESET)
 <LI><a href="#[b3]">RTC_Alarm_IRQHandler</a> from startup_stm32f405xx.o(.text) referenced from startup_stm32f405xx.o(RESET)
 <LI><a href="#[8d]">RTC_WKUP_IRQHandler</a> from startup_stm32f405xx.o(.text) referenced from startup_stm32f405xx.o(RESET)
 <LI><a href="#[80]">Reset_Handler</a> from startup_stm32f405xx.o(.text) referenced from startup_stm32f405xx.o(RESET)
 <LI><a href="#[bb]">SDIO_IRQHandler</a> from startup_stm32f405xx.o(.text) referenced from startup_stm32f405xx.o(RESET)
 <LI><a href="#[ad]">SPI1_IRQHandler</a> from startup_stm32f405xx.o(.text) referenced from startup_stm32f405xx.o(RESET)
 <LI><a href="#[ae]">SPI2_IRQHandler</a> from startup_stm32f405xx.o(.text) referenced from startup_stm32f405xx.o(RESET)
 <LI><a href="#[bd]">SPI3_IRQHandler</a> from startup_stm32f405xx.o(.text) referenced from startup_stm32f405xx.o(RESET)
 <LI><a href="#[86]">SVC_Handler</a> from stm32f4xx_it.o(.text.SVC_Handler) referenced from startup_stm32f405xx.o(RESET)
 <LI><a href="#[89]">SysTick_Handler</a> from stm32f4xx_it.o(.text.SysTick_Handler) referenced from startup_stm32f405xx.o(RESET)
 <LI><a href="#[d9]">SystemInit</a> from system_stm32f4xx.o(.text.SystemInit) referenced from startup_stm32f405xx.o(.text)
 <LI><a href="#[8c]">TAMP_STAMP_IRQHandler</a> from startup_stm32f405xx.o(.text) referenced from startup_stm32f405xx.o(RESET)
 <LI><a href="#[a2]">TIM1_BRK_TIM9_IRQHandler</a> from startup_stm32f405xx.o(.text) referenced from startup_stm32f405xx.o(RESET)
 <LI><a href="#[a5]">TIM1_CC_IRQHandler</a> from startup_stm32f405xx.o(.text) referenced from startup_stm32f405xx.o(RESET)
 <LI><a href="#[a4]">TIM1_TRG_COM_TIM11_IRQHandler</a> from startup_stm32f405xx.o(.text) referenced from startup_stm32f405xx.o(RESET)
 <LI><a href="#[a3]">TIM1_UP_TIM10_IRQHandler</a> from startup_stm32f405xx.o(.text) referenced from startup_stm32f405xx.o(RESET)
 <LI><a href="#[a6]">TIM2_IRQHandler</a> from startup_stm32f405xx.o(.text) referenced from startup_stm32f405xx.o(RESET)
 <LI><a href="#[a7]">TIM3_IRQHandler</a> from stm32f4xx_it.o(.text.TIM3_IRQHandler) referenced from startup_stm32f405xx.o(RESET)
 <LI><a href="#[a8]">TIM4_IRQHandler</a> from startup_stm32f405xx.o(.text) referenced from startup_stm32f405xx.o(RESET)
 <LI><a href="#[bc]">TIM5_IRQHandler</a> from startup_stm32f405xx.o(.text) referenced from startup_stm32f405xx.o(RESET)
 <LI><a href="#[c0]">TIM6_DAC_IRQHandler</a> from startup_stm32f405xx.o(.text) referenced from startup_stm32f405xx.o(RESET)
 <LI><a href="#[c1]">TIM7_IRQHandler</a> from startup_stm32f405xx.o(.text) referenced from startup_stm32f405xx.o(RESET)
 <LI><a href="#[b5]">TIM8_BRK_TIM12_IRQHandler</a> from startup_stm32f405xx.o(.text) referenced from startup_stm32f405xx.o(RESET)
 <LI><a href="#[b8]">TIM8_CC_IRQHandler</a> from startup_stm32f405xx.o(.text) referenced from startup_stm32f405xx.o(RESET)
 <LI><a href="#[b7]">TIM8_TRG_COM_TIM14_IRQHandler</a> from startup_stm32f405xx.o(.text) referenced from startup_stm32f405xx.o(RESET)
 <LI><a href="#[b6]">TIM8_UP_TIM13_IRQHandler</a> from startup_stm32f405xx.o(.text) referenced from startup_stm32f405xx.o(RESET)
 <LI><a href="#[be]">UART4_IRQHandler</a> from startup_stm32f405xx.o(.text) referenced from startup_stm32f405xx.o(RESET)
 <LI><a href="#[bf]">UART5_IRQHandler</a> from startup_stm32f405xx.o(.text) referenced from startup_stm32f405xx.o(RESET)
 <LI><a href="#[db]">UART_DMAAbortOnError</a> from stm32f4xx_hal_uart.o(.text.UART_DMAAbortOnError) referenced 2 times from stm32f4xx_hal_uart.o(.text.HAL_UART_IRQHandler)
 <LI><a href="#[af]">USART1_IRQHandler</a> from stm32f4xx_it.o(.text.USART1_IRQHandler) referenced from startup_stm32f405xx.o(RESET)
 <LI><a href="#[b0]">USART2_IRQHandler</a> from stm32f4_uart.o(.text.USART2_IRQHandler) referenced from startup_stm32f405xx.o(RESET)
 <LI><a href="#[b1]">USART3_IRQHandler</a> from stm32f4xx_it.o(.text.USART3_IRQHandler) referenced from startup_stm32f405xx.o(RESET)
 <LI><a href="#[cf]">USART6_IRQHandler</a> from startup_stm32f405xx.o(.text) referenced from startup_stm32f405xx.o(RESET)
 <LI><a href="#[85]">UsageFault_Handler</a> from stm32f4xx_it.o(.text.UsageFault_Handler) referenced from startup_stm32f405xx.o(RESET)
 <LI><a href="#[8a]">WWDG_IRQHandler</a> from startup_stm32f405xx.o(.text) referenced from startup_stm32f405xx.o(RESET)
 <LI><a href="#[da]">__main</a> from entry.o(.ARM.Collect$$$$00000000) referenced from startup_stm32f405xx.o(.text)
 <LI><a href="#[dd]">_snputc</a> from printfa.o(i._snputc) referenced from printfa.o(i.__0vsnprintf)
 <LI><a href="#[dc]">fputc</a> from main.o(.text.fputc) referenced from printfa.o(i.__0printf)
 <LI><a href="#[d8]">main</a> from main.o(.text.main) referenced from entry9a.o(.ARM.Collect$$$$0000000B)
 <LI><a href="#[1]">sos_create_sos_select_0_10811012709770587_2_0_2_20000_0</a> from sos_filter.o(.text.sos_create_sos_select_0_10811012709770587_2_0_2_20000_0) referenced 2 times from sos_filter.o(.data.g_detectorFilterItems)
 <LI><a href="#[1]">sos_create_sos_select_0_10811012709770587_2_0_2_20000_0</a> from sos_filter.o(.text.sos_create_sos_select_0_10811012709770587_2_0_2_20000_0) referenced 2 times from sos_filter.o(.data.g_detectorFilterItems2)
 <LI><a href="#[2]">sos_create_sos_select_0_11687799581082119_2_0_2_20000_0</a> from sos_filter.o(.text.sos_create_sos_select_0_11687799581082119_2_0_2_20000_0) referenced 2 times from sos_filter.o(.data.g_detectorFilterItems)
 <LI><a href="#[2]">sos_create_sos_select_0_11687799581082119_2_0_2_20000_0</a> from sos_filter.o(.text.sos_create_sos_select_0_11687799581082119_2_0_2_20000_0) referenced 2 times from sos_filter.o(.data.g_detectorFilterItems2)
 <LI><a href="#[3]">sos_create_sos_select_0_12635694982033013_2_0_2_20000_0</a> from sos_filter.o(.text.sos_create_sos_select_0_12635694982033013_2_0_2_20000_0) referenced 2 times from sos_filter.o(.data.g_detectorFilterItems)
 <LI><a href="#[3]">sos_create_sos_select_0_12635694982033013_2_0_2_20000_0</a> from sos_filter.o(.text.sos_create_sos_select_0_12635694982033013_2_0_2_20000_0) referenced 2 times from sos_filter.o(.data.g_detectorFilterItems2)
 <LI><a href="#[4]">sos_create_sos_select_0_13660465904754335_2_0_2_20000_0</a> from sos_filter.o(.text.sos_create_sos_select_0_13660465904754335_2_0_2_20000_0) referenced 2 times from sos_filter.o(.data.g_detectorFilterItems)
 <LI><a href="#[4]">sos_create_sos_select_0_13660465904754335_2_0_2_20000_0</a> from sos_filter.o(.text.sos_create_sos_select_0_13660465904754335_2_0_2_20000_0) referenced 2 times from sos_filter.o(.data.g_detectorFilterItems2)
 <LI><a href="#[5]">sos_create_sos_select_0_14768347051768688_2_0_2_20000_0</a> from sos_filter.o(.text.sos_create_sos_select_0_14768347051768688_2_0_2_20000_0) referenced 2 times from sos_filter.o(.data.g_detectorFilterItems)
 <LI><a href="#[5]">sos_create_sos_select_0_14768347051768688_2_0_2_20000_0</a> from sos_filter.o(.text.sos_create_sos_select_0_14768347051768688_2_0_2_20000_0) referenced 2 times from sos_filter.o(.data.g_detectorFilterItems2)
 <LI><a href="#[6]">sos_create_sos_select_0_15966078767897426_2_0_2_20000_0</a> from sos_filter.o(.text.sos_create_sos_select_0_15966078767897426_2_0_2_20000_0) referenced 2 times from sos_filter.o(.data.g_detectorFilterItems)
 <LI><a href="#[6]">sos_create_sos_select_0_15966078767897426_2_0_2_20000_0</a> from sos_filter.o(.text.sos_create_sos_select_0_15966078767897426_2_0_2_20000_0) referenced 2 times from sos_filter.o(.data.g_detectorFilterItems2)
 <LI><a href="#[7]">sos_create_sos_select_0_17260948048493746_2_0_2_20000_0</a> from sos_filter.o(.text.sos_create_sos_select_0_17260948048493746_2_0_2_20000_0) referenced 2 times from sos_filter.o(.data.g_detectorFilterItems)
 <LI><a href="#[7]">sos_create_sos_select_0_17260948048493746_2_0_2_20000_0</a> from sos_filter.o(.text.sos_create_sos_select_0_17260948048493746_2_0_2_20000_0) referenced 2 times from sos_filter.o(.data.g_detectorFilterItems2)
 <LI><a href="#[8]">sos_create_sos_select_0_18660832873495564_2_0_2_20000_0</a> from sos_filter.o(.text.sos_create_sos_select_0_18660832873495564_2_0_2_20000_0) referenced 2 times from sos_filter.o(.data.g_detectorFilterItems)
 <LI><a href="#[8]">sos_create_sos_select_0_18660832873495564_2_0_2_20000_0</a> from sos_filter.o(.text.sos_create_sos_select_0_18660832873495564_2_0_2_20000_0) referenced 2 times from sos_filter.o(.data.g_detectorFilterItems2)
 <LI><a href="#[0]">sos_create_sos_select_0_1_2_0_2_20000_0</a> from sos_filter.o(.text.sos_create_sos_select_0_1_2_0_2_20000_0) referenced 2 times from sos_filter.o(.data.g_detectorFilterItems)
 <LI><a href="#[0]">sos_create_sos_select_0_1_2_0_2_20000_0</a> from sos_filter.o(.text.sos_create_sos_select_0_1_2_0_2_20000_0) referenced 2 times from sos_filter.o(.data.g_detectorFilterItems2)
 <LI><a href="#[9]">sos_create_sos_select_0_2017425013702654_2_0_2_20000_0</a> from sos_filter.o(.text.sos_create_sos_select_0_2017425013702654_2_0_2_20000_0) referenced 2 times from sos_filter.o(.data.g_detectorFilterItems)
 <LI><a href="#[9]">sos_create_sos_select_0_2017425013702654_2_0_2_20000_0</a> from sos_filter.o(.text.sos_create_sos_select_0_2017425013702654_2_0_2_20000_0) referenced 2 times from sos_filter.o(.data.g_detectorFilterItems2)
 <LI><a href="#[a]">sos_create_sos_select_0_21810407464148487_2_0_2_20000_0</a> from sos_filter.o(.text.sos_create_sos_select_0_21810407464148487_2_0_2_20000_0) referenced 2 times from sos_filter.o(.data.g_detectorFilterItems)
 <LI><a href="#[a]">sos_create_sos_select_0_21810407464148487_2_0_2_20000_0</a> from sos_filter.o(.text.sos_create_sos_select_0_21810407464148487_2_0_2_20000_0) referenced 2 times from sos_filter.o(.data.g_detectorFilterItems2)
 <LI><a href="#[b]">sos_create_sos_select_0_23579259230018465_2_0_2_20000_0</a> from sos_filter.o(.text.sos_create_sos_select_0_23579259230018465_2_0_2_20000_0) referenced 2 times from sos_filter.o(.data.g_detectorFilterItems)
 <LI><a href="#[b]">sos_create_sos_select_0_23579259230018465_2_0_2_20000_0</a> from sos_filter.o(.text.sos_create_sos_select_0_23579259230018465_2_0_2_20000_0) referenced 2 times from sos_filter.o(.data.g_detectorFilterItems2)
 <LI><a href="#[c]">sos_create_sos_select_0_2549156712227051_2_0_2_20000_0</a> from sos_filter.o(.text.sos_create_sos_select_0_2549156712227051_2_0_2_20000_0) referenced 2 times from sos_filter.o(.data.g_detectorFilterItems)
 <LI><a href="#[c]">sos_create_sos_select_0_2549156712227051_2_0_2_20000_0</a> from sos_filter.o(.text.sos_create_sos_select_0_2549156712227051_2_0_2_20000_0) referenced 2 times from sos_filter.o(.data.g_detectorFilterItems2)
 <LI><a href="#[d]">sos_create_sos_select_0_2755896561508365_2_0_2_20000_0</a> from sos_filter.o(.text.sos_create_sos_select_0_2755896561508365_2_0_2_20000_0) referenced 2 times from sos_filter.o(.data.g_detectorFilterItems)
 <LI><a href="#[d]">sos_create_sos_select_0_2755896561508365_2_0_2_20000_0</a> from sos_filter.o(.text.sos_create_sos_select_0_2755896561508365_2_0_2_20000_0) referenced 2 times from sos_filter.o(.data.g_detectorFilterItems2)
 <LI><a href="#[e]">sos_create_sos_select_0_2979403275327999_2_0_2_20000_0</a> from sos_filter.o(.text.sos_create_sos_select_0_2979403275327999_2_0_2_20000_0) referenced 2 times from sos_filter.o(.data.g_detectorFilterItems)
 <LI><a href="#[e]">sos_create_sos_select_0_2979403275327999_2_0_2_20000_0</a> from sos_filter.o(.text.sos_create_sos_select_0_2979403275327999_2_0_2_20000_0) referenced 2 times from sos_filter.o(.data.g_detectorFilterItems2)
 <LI><a href="#[f]">sos_create_sos_select_0_3221036667710312_2_0_2_20000_0</a> from sos_filter.o(.text.sos_create_sos_select_0_3221036667710312_2_0_2_20000_0) referenced 2 times from sos_filter.o(.data.g_detectorFilterItems)
 <LI><a href="#[f]">sos_create_sos_select_0_3221036667710312_2_0_2_20000_0</a> from sos_filter.o(.text.sos_create_sos_select_0_3221036667710312_2_0_2_20000_0) referenced 2 times from sos_filter.o(.data.g_detectorFilterItems2)
 <LI><a href="#[10]">sos_create_sos_select_0_34822668353253283_2_0_2_20000_0</a> from sos_filter.o(.text.sos_create_sos_select_0_34822668353253283_2_0_2_20000_0) referenced 2 times from sos_filter.o(.data.g_detectorFilterItems)
 <LI><a href="#[10]">sos_create_sos_select_0_34822668353253283_2_0_2_20000_0</a> from sos_filter.o(.text.sos_create_sos_select_0_34822668353253283_2_0_2_20000_0) referenced 2 times from sos_filter.o(.data.g_detectorFilterItems2)
 <LI><a href="#[11]">sos_create_sos_select_0_37646831015514726_2_0_2_20000_0</a> from sos_filter.o(.text.sos_create_sos_select_0_37646831015514726_2_0_2_20000_0) referenced 2 times from sos_filter.o(.data.g_detectorFilterItems)
 <LI><a href="#[11]">sos_create_sos_select_0_37646831015514726_2_0_2_20000_0</a> from sos_filter.o(.text.sos_create_sos_select_0_37646831015514726_2_0_2_20000_0) referenced 2 times from sos_filter.o(.data.g_detectorFilterItems2)
 <LI><a href="#[12]">sos_create_sos_select_0_4070003685913153_2_0_2_20000_0</a> from sos_filter.o(.text.sos_create_sos_select_0_4070003685913153_2_0_2_20000_0) referenced 2 times from sos_filter.o(.data.g_detectorFilterItems)
 <LI><a href="#[12]">sos_create_sos_select_0_4070003685913153_2_0_2_20000_0</a> from sos_filter.o(.text.sos_create_sos_select_0_4070003685913153_2_0_2_20000_0) referenced 2 times from sos_filter.o(.data.g_detectorFilterItems2)
 <LI><a href="#[13]">sos_create_sos_select_0_4400086157722023_2_0_2_20000_0</a> from sos_filter.o(.text.sos_create_sos_select_0_4400086157722023_2_0_2_20000_0) referenced 2 times from sos_filter.o(.data.g_detectorFilterItems)
 <LI><a href="#[13]">sos_create_sos_select_0_4400086157722023_2_0_2_20000_0</a> from sos_filter.o(.text.sos_create_sos_select_0_4400086157722023_2_0_2_20000_0) referenced 2 times from sos_filter.o(.data.g_detectorFilterItems2)
 <LI><a href="#[14]">sos_create_sos_select_0_47569387375218425_2_0_2_20000_0</a> from sos_filter.o(.text.sos_create_sos_select_0_47569387375218425_2_0_2_20000_0) referenced 2 times from sos_filter.o(.data.g_detectorFilterItems)
 <LI><a href="#[14]">sos_create_sos_select_0_47569387375218425_2_0_2_20000_0</a> from sos_filter.o(.text.sos_create_sos_select_0_47569387375218425_2_0_2_20000_0) referenced 2 times from sos_filter.o(.data.g_detectorFilterItems2)
 <LI><a href="#[15]">sos_create_sos_select_0_5142732515094869_2_0_2_20000_0</a> from sos_filter.o(.text.sos_create_sos_select_0_5142732515094869_2_0_2_20000_0) referenced 2 times from sos_filter.o(.data.g_detectorFilterItems)
 <LI><a href="#[15]">sos_create_sos_select_0_5142732515094869_2_0_2_20000_0</a> from sos_filter.o(.text.sos_create_sos_select_0_5142732515094869_2_0_2_20000_0) referenced 2 times from sos_filter.o(.data.g_detectorFilterItems2)
 <LI><a href="#[16]">sos_create_sos_select_0_5559814658364108_2_0_2_20000_0</a> from sos_filter.o(.text.sos_create_sos_select_0_5559814658364108_2_0_2_20000_0) referenced 2 times from sos_filter.o(.data.g_detectorFilterItems)
 <LI><a href="#[16]">sos_create_sos_select_0_5559814658364108_2_0_2_20000_0</a> from sos_filter.o(.text.sos_create_sos_select_0_5559814658364108_2_0_2_20000_0) referenced 2 times from sos_filter.o(.data.g_detectorFilterItems2)
 <LI><a href="#[17]">sos_create_sos_select_0_601072269355432_2_0_2_20000_0</a> from sos_filter.o(.text.sos_create_sos_select_0_601072269355432_2_0_2_20000_0) referenced 2 times from sos_filter.o(.data.g_detectorFilterItems)
 <LI><a href="#[17]">sos_create_sos_select_0_601072269355432_2_0_2_20000_0</a> from sos_filter.o(.text.sos_create_sos_select_0_601072269355432_2_0_2_20000_0) referenced 2 times from sos_filter.o(.data.g_detectorFilterItems2)
 <LI><a href="#[18]">sos_create_sos_select_0_6498199943492227_2_0_2_20000_0</a> from sos_filter.o(.text.sos_create_sos_select_0_6498199943492227_2_0_2_20000_0) referenced 2 times from sos_filter.o(.data.g_detectorFilterItems)
 <LI><a href="#[18]">sos_create_sos_select_0_6498199943492227_2_0_2_20000_0</a> from sos_filter.o(.text.sos_create_sos_select_0_6498199943492227_2_0_2_20000_0) referenced 2 times from sos_filter.o(.data.g_detectorFilterItems2)
 <LI><a href="#[19]">sos_create_sos_select_0_7025212217972499_2_0_2_20000_0</a> from sos_filter.o(.text.sos_create_sos_select_0_7025212217972499_2_0_2_20000_0) referenced 2 times from sos_filter.o(.data.g_detectorFilterItems)
 <LI><a href="#[19]">sos_create_sos_select_0_7025212217972499_2_0_2_20000_0</a> from sos_filter.o(.text.sos_create_sos_select_0_7025212217972499_2_0_2_20000_0) referenced 2 times from sos_filter.o(.data.g_detectorFilterItems2)
 <LI><a href="#[1a]">sos_create_sos_select_0_759496585773363_2_0_2_20000_0</a> from sos_filter.o(.text.sos_create_sos_select_0_759496585773363_2_0_2_20000_0) referenced 2 times from sos_filter.o(.data.g_detectorFilterItems)
 <LI><a href="#[1a]">sos_create_sos_select_0_759496585773363_2_0_2_20000_0</a> from sos_filter.o(.text.sos_create_sos_select_0_759496585773363_2_0_2_20000_0) referenced 2 times from sos_filter.o(.data.g_detectorFilterItems2)
 <LI><a href="#[1b]">sos_create_sos_select_0_8210927241823194_2_0_2_20000_0</a> from sos_filter.o(.text.sos_create_sos_select_0_8210927241823194_2_0_2_20000_0) referenced 2 times from sos_filter.o(.data.g_detectorFilterItems)
 <LI><a href="#[1b]">sos_create_sos_select_0_8210927241823194_2_0_2_20000_0</a> from sos_filter.o(.text.sos_create_sos_select_0_8210927241823194_2_0_2_20000_0) referenced 2 times from sos_filter.o(.data.g_detectorFilterItems2)
 <LI><a href="#[1c]">sos_create_sos_select_0_8876843877035211_2_0_2_20000_0</a> from sos_filter.o(.text.sos_create_sos_select_0_8876843877035211_2_0_2_20000_0) referenced 2 times from sos_filter.o(.data.g_detectorFilterItems)
 <LI><a href="#[1c]">sos_create_sos_select_0_8876843877035211_2_0_2_20000_0</a> from sos_filter.o(.text.sos_create_sos_select_0_8876843877035211_2_0_2_20000_0) referenced 2 times from sos_filter.o(.data.g_detectorFilterItems2)
 <LI><a href="#[1d]">sos_create_sos_select_0_9596767197727688_2_0_2_20000_0</a> from sos_filter.o(.text.sos_create_sos_select_0_9596767197727688_2_0_2_20000_0) referenced 2 times from sos_filter.o(.data.g_detectorFilterItems)
 <LI><a href="#[1d]">sos_create_sos_select_0_9596767197727688_2_0_2_20000_0</a> from sos_filter.o(.text.sos_create_sos_select_0_9596767197727688_2_0_2_20000_0) referenced 2 times from sos_filter.o(.data.g_detectorFilterItems2)
 <LI><a href="#[59]">sos_create_sos_select_103_30173951955925_2_0_2_20000_0</a> from sos_filter.o(.text.sos_create_sos_select_103_30173951955925_2_0_2_20000_0) referenced 2 times from sos_filter.o(.data.g_detectorFilterItems)
 <LI><a href="#[59]">sos_create_sos_select_103_30173951955925_2_0_2_20000_0</a> from sos_filter.o(.text.sos_create_sos_select_103_30173951955925_2_0_2_20000_0) referenced 2 times from sos_filter.o(.data.g_detectorFilterItems2)
 <LI><a href="#[77]">sos_create_sos_select_1071_763523931801_2_0_2_20000_0</a> from sos_filter.o(.text.sos_create_sos_select_1071_763523931801_2_0_2_20000_0) referenced 2 times from sos_filter.o(.data.g_detectorFilterItems)
 <LI><a href="#[77]">sos_create_sos_select_1071_763523931801_2_0_2_20000_0</a> from sos_filter.o(.text.sos_create_sos_select_1071_763523931801_2_0_2_20000_0) referenced 2 times from sos_filter.o(.data.g_detectorFilterItems2)
 <LI><a href="#[3c]">sos_create_sos_select_10_764222721169988_2_0_2_20000_0</a> from sos_filter.o(.text.sos_create_sos_select_10_764222721169988_2_0_2_20000_0) referenced 2 times from sos_filter.o(.data.g_detectorFilterItems)
 <LI><a href="#[3c]">sos_create_sos_select_10_764222721169988_2_0_2_20000_0</a> from sos_filter.o(.text.sos_create_sos_select_10_764222721169988_2_0_2_20000_0) referenced 2 times from sos_filter.o(.data.g_detectorFilterItems2)
 <LI><a href="#[5a]">sos_create_sos_select_111_67964188873653_2_0_2_20000_0</a> from sos_filter.o(.text.sos_create_sos_select_111_67964188873653_2_0_2_20000_0) referenced 2 times from sos_filter.o(.data.g_detectorFilterItems)
 <LI><a href="#[5a]">sos_create_sos_select_111_67964188873653_2_0_2_20000_0</a> from sos_filter.o(.text.sos_create_sos_select_111_67964188873653_2_0_2_20000_0) referenced 2 times from sos_filter.o(.data.g_detectorFilterItems2)
 <LI><a href="#[78]">sos_create_sos_select_1158_6849079095223_2_0_2_20000_0</a> from sos_filter.o(.text.sos_create_sos_select_1158_6849079095223_2_0_2_20000_0) referenced 2 times from sos_filter.o(.data.g_detectorFilterItems)
 <LI><a href="#[78]">sos_create_sos_select_1158_6849079095223_2_0_2_20000_0</a> from sos_filter.o(.text.sos_create_sos_select_1158_6849079095223_2_0_2_20000_0) referenced 2 times from sos_filter.o(.data.g_detectorFilterItems2)
 <LI><a href="#[3d]">sos_create_sos_select_11_637214864937006_2_0_2_20000_0</a> from sos_filter.o(.text.sos_create_sos_select_11_637214864937006_2_0_2_20000_0) referenced 2 times from sos_filter.o(.data.g_detectorFilterItems)
 <LI><a href="#[3d]">sos_create_sos_select_11_637214864937006_2_0_2_20000_0</a> from sos_filter.o(.text.sos_create_sos_select_11_637214864937006_2_0_2_20000_0) referenced 2 times from sos_filter.o(.data.g_detectorFilterItems2)
 <LI><a href="#[5b]">sos_create_sos_select_120_7370027881758_2_0_2_20000_0</a> from sos_filter.o(.text.sos_create_sos_select_120_7370027881758_2_0_2_20000_0) referenced 2 times from sos_filter.o(.data.g_detectorFilterItems)
 <LI><a href="#[5b]">sos_create_sos_select_120_7370027881758_2_0_2_20000_0</a> from sos_filter.o(.text.sos_create_sos_select_120_7370027881758_2_0_2_20000_0) referenced 2 times from sos_filter.o(.data.g_detectorFilterItems2)
 <LI><a href="#[79]">sos_create_sos_select_1252_6557266029217_2_0_2_20000_0</a> from sos_filter.o(.text.sos_create_sos_select_1252_6557266029217_2_0_2_20000_0) referenced 2 times from sos_filter.o(.data.g_detectorFilterItems)
 <LI><a href="#[79]">sos_create_sos_select_1252_6557266029217_2_0_2_20000_0</a> from sos_filter.o(.text.sos_create_sos_select_1252_6557266029217_2_0_2_20000_0) referenced 2 times from sos_filter.o(.data.g_detectorFilterItems2)
 <LI><a href="#[3e]">sos_create_sos_select_12_581007781116515_2_0_2_20000_0</a> from sos_filter.o(.text.sos_create_sos_select_12_581007781116515_2_0_2_20000_0) referenced 2 times from sos_filter.o(.data.g_detectorFilterItems)
 <LI><a href="#[3e]">sos_create_sos_select_12_581007781116515_2_0_2_20000_0</a> from sos_filter.o(.text.sos_create_sos_select_12_581007781116515_2_0_2_20000_0) referenced 2 times from sos_filter.o(.data.g_detectorFilterItems2)
 <LI><a href="#[5c]">sos_create_sos_select_130_52892716825752_2_0_2_20000_0</a> from sos_filter.o(.text.sos_create_sos_select_130_52892716825752_2_0_2_20000_0) referenced 2 times from sos_filter.o(.data.g_detectorFilterItems)
 <LI><a href="#[5c]">sos_create_sos_select_130_52892716825752_2_0_2_20000_0</a> from sos_filter.o(.text.sos_create_sos_select_130_52892716825752_2_0_2_20000_0) referenced 2 times from sos_filter.o(.data.g_detectorFilterItems2)
 <LI><a href="#[7a]">sos_create_sos_select_1354_2476981271082_2_0_2_20000_0</a> from sos_filter.o(.text.sos_create_sos_select_1354_2476981271082_2_0_2_20000_0) referenced 2 times from sos_filter.o(.data.g_detectorFilterItems)
 <LI><a href="#[7a]">sos_create_sos_select_1354_2476981271082_2_0_2_20000_0</a> from sos_filter.o(.text.sos_create_sos_select_1354_2476981271082_2_0_2_20000_0) referenced 2 times from sos_filter.o(.data.g_detectorFilterItems2)
 <LI><a href="#[3f]">sos_create_sos_select_13_60134350233734_2_0_2_20000_0</a> from sos_filter.o(.text.sos_create_sos_select_13_60134350233734_2_0_2_20000_0) referenced 2 times from sos_filter.o(.data.g_detectorFilterItems)
 <LI><a href="#[3f]">sos_create_sos_select_13_60134350233734_2_0_2_20000_0</a> from sos_filter.o(.text.sos_create_sos_select_13_60134350233734_2_0_2_20000_0) referenced 2 times from sos_filter.o(.data.g_detectorFilterItems2)
 <LI><a href="#[5d]">sos_create_sos_select_141_11498906087525_2_0_2_20000_0</a> from sos_filter.o(.text.sos_create_sos_select_141_11498906087525_2_0_2_20000_0) referenced 2 times from sos_filter.o(.data.g_detectorFilterItems)
 <LI><a href="#[5d]">sos_create_sos_select_141_11498906087525_2_0_2_20000_0</a> from sos_filter.o(.text.sos_create_sos_select_141_11498906087525_2_0_2_20000_0) referenced 2 times from sos_filter.o(.data.g_detectorFilterItems2)
 <LI><a href="#[7b]">sos_create_sos_select_1464_0789076629737_2_0_2_20000_0</a> from sos_filter.o(.text.sos_create_sos_select_1464_0789076629737_2_0_2_20000_0) referenced 2 times from sos_filter.o(.data.g_detectorFilterItems)
 <LI><a href="#[7b]">sos_create_sos_select_1464_0789076629737_2_0_2_20000_0</a> from sos_filter.o(.text.sos_create_sos_select_1464_0789076629737_2_0_2_20000_0) referenced 2 times from sos_filter.o(.data.g_detectorFilterItems2)
 <LI><a href="#[40]">sos_create_sos_select_14_704429747372455_2_0_2_20000_0</a> from sos_filter.o(.text.sos_create_sos_select_14_704429747372455_2_0_2_20000_0) referenced 2 times from sos_filter.o(.data.g_detectorFilterItems)
 <LI><a href="#[40]">sos_create_sos_select_14_704429747372455_2_0_2_20000_0</a> from sos_filter.o(.text.sos_create_sos_select_14_704429747372455_2_0_2_20000_0) referenced 2 times from sos_filter.o(.data.g_detectorFilterItems2)
 <LI><a href="#[5e]">sos_create_sos_select_152_55959402762593_2_0_2_20000_0</a> from sos_filter.o(.text.sos_create_sos_select_152_55959402762593_2_0_2_20000_0) referenced 2 times from sos_filter.o(.data.g_detectorFilterItems)
 <LI><a href="#[5e]">sos_create_sos_select_152_55959402762593_2_0_2_20000_0</a> from sos_filter.o(.text.sos_create_sos_select_152_55959402762593_2_0_2_20000_0) referenced 2 times from sos_filter.o(.data.g_detectorFilterItems2)
 <LI><a href="#[7c]">sos_create_sos_select_1582_8175678851428_2_0_2_20000_0</a> from sos_filter.o(.text.sos_create_sos_select_1582_8175678851428_2_0_2_20000_0) referenced 2 times from sos_filter.o(.data.g_detectorFilterItems)
 <LI><a href="#[7c]">sos_create_sos_select_1582_8175678851428_2_0_2_20000_0</a> from sos_filter.o(.text.sos_create_sos_select_1582_8175678851428_2_0_2_20000_0) referenced 2 times from sos_filter.o(.data.g_detectorFilterItems2)
 <LI><a href="#[41]">sos_create_sos_select_15_896977688877227_2_0_2_20000_0</a> from sos_filter.o(.text.sos_create_sos_select_15_896977688877227_2_0_2_20000_0) referenced 2 times from sos_filter.o(.data.g_detectorFilterItems)
 <LI><a href="#[41]">sos_create_sos_select_15_896977688877227_2_0_2_20000_0</a> from sos_filter.o(.text.sos_create_sos_select_15_896977688877227_2_0_2_20000_0) referenced 2 times from sos_filter.o(.data.g_detectorFilterItems2)
 <LI><a href="#[5f]">sos_create_sos_select_164_93237100301045_2_0_2_20000_0</a> from sos_filter.o(.text.sos_create_sos_select_164_93237100301045_2_0_2_20000_0) referenced 2 times from sos_filter.o(.data.g_detectorFilterItems)
 <LI><a href="#[5f]">sos_create_sos_select_164_93237100301045_2_0_2_20000_0</a> from sos_filter.o(.text.sos_create_sos_select_164_93237100301045_2_0_2_20000_0) referenced 2 times from sos_filter.o(.data.g_detectorFilterItems2)
 <LI><a href="#[7d]">sos_create_sos_select_1711_1860843654463_2_0_2_20000_0</a> from sos_filter.o(.text.sos_create_sos_select_1711_1860843654463_2_0_2_20000_0) referenced 2 times from sos_filter.o(.data.g_detectorFilterItems)
 <LI><a href="#[7d]">sos_create_sos_select_1711_1860843654463_2_0_2_20000_0</a> from sos_filter.o(.text.sos_create_sos_select_1711_1860843654463_2_0_2_20000_0) referenced 2 times from sos_filter.o(.data.g_detectorFilterItems2)
 <LI><a href="#[60]">sos_create_sos_select_178_30859591661454_2_0_2_20000_0</a> from sos_filter.o(.text.sos_create_sos_select_178_30859591661454_2_0_2_20000_0) referenced 2 times from sos_filter.o(.data.g_detectorFilterItems)
 <LI><a href="#[60]">sos_create_sos_select_178_30859591661454_2_0_2_20000_0</a> from sos_filter.o(.text.sos_create_sos_select_178_30859591661454_2_0_2_20000_0) referenced 2 times from sos_filter.o(.data.g_detectorFilterItems2)
 <LI><a href="#[42]">sos_create_sos_select_17_18624278413913_2_0_2_20000_0</a> from sos_filter.o(.text.sos_create_sos_select_17_18624278413913_2_0_2_20000_0) referenced 2 times from sos_filter.o(.data.g_detectorFilterItems)
 <LI><a href="#[42]">sos_create_sos_select_17_18624278413913_2_0_2_20000_0</a> from sos_filter.o(.text.sos_create_sos_select_17_18624278413913_2_0_2_20000_0) referenced 2 times from sos_filter.o(.data.g_detectorFilterItems2)
 <LI><a href="#[7e]">sos_create_sos_select_1849_9654506857419_2_0_2_20000_0</a> from sos_filter.o(.text.sos_create_sos_select_1849_9654506857419_2_0_2_20000_0) referenced 2 times from sos_filter.o(.data.g_detectorFilterItems)
 <LI><a href="#[7e]">sos_create_sos_select_1849_9654506857419_2_0_2_20000_0</a> from sos_filter.o(.text.sos_create_sos_select_1849_9654506857419_2_0_2_20000_0) referenced 2 times from sos_filter.o(.data.g_detectorFilterItems2)
 <LI><a href="#[43]">sos_create_sos_select_18_580068917253115_2_0_2_20000_0</a> from sos_filter.o(.text.sos_create_sos_select_18_580068917253115_2_0_2_20000_0) referenced 2 times from sos_filter.o(.data.g_detectorFilterItems)
 <LI><a href="#[43]">sos_create_sos_select_18_580068917253115_2_0_2_20000_0</a> from sos_filter.o(.text.sos_create_sos_select_18_580068917253115_2_0_2_20000_0) referenced 2 times from sos_filter.o(.data.g_detectorFilterItems2)
 <LI><a href="#[61]">sos_create_sos_select_192_7696496715867_2_0_2_20000_0</a> from sos_filter.o(.text.sos_create_sos_select_192_7696496715867_2_0_2_20000_0) referenced 2 times from sos_filter.o(.data.g_detectorFilterItems)
 <LI><a href="#[61]">sos_create_sos_select_192_7696496715867_2_0_2_20000_0</a> from sos_filter.o(.text.sos_create_sos_select_192_7696496715867_2_0_2_20000_0) referenced 2 times from sos_filter.o(.data.g_detectorFilterItems2)
 <LI><a href="#[1e]">sos_create_sos_select_1_037507721473435_2_0_2_20000_0</a> from sos_filter.o(.text.sos_create_sos_select_1_037507721473435_2_0_2_20000_0) referenced 2 times from sos_filter.o(.data.g_detectorFilterItems)
 <LI><a href="#[1e]">sos_create_sos_select_1_037507721473435_2_0_2_20000_0</a> from sos_filter.o(.text.sos_create_sos_select_1_037507721473435_2_0_2_20000_0) referenced 2 times from sos_filter.o(.data.g_detectorFilterItems2)
 <LI><a href="#[1f]">sos_create_sos_select_1_1216509163334425_2_0_2_20000_0</a> from sos_filter.o(.text.sos_create_sos_select_1_1216509163334425_2_0_2_20000_0) referenced 2 times from sos_filter.o(.data.g_detectorFilterItems)
 <LI><a href="#[1f]">sos_create_sos_select_1_1216509163334425_2_0_2_20000_0</a> from sos_filter.o(.text.sos_create_sos_select_1_1216509163334425_2_0_2_20000_0) referenced 2 times from sos_filter.o(.data.g_detectorFilterItems2)
 <LI><a href="#[20]">sos_create_sos_select_1_2126182312406677_2_0_2_20000_0</a> from sos_filter.o(.text.sos_create_sos_select_1_2126182312406677_2_0_2_20000_0) referenced 2 times from sos_filter.o(.data.g_detectorFilterItems)
 <LI><a href="#[20]">sos_create_sos_select_1_2126182312406677_2_0_2_20000_0</a> from sos_filter.o(.text.sos_create_sos_select_1_2126182312406677_2_0_2_20000_0) referenced 2 times from sos_filter.o(.data.g_detectorFilterItems2)
 <LI><a href="#[21]">sos_create_sos_select_1_3109631110042392_2_0_2_20000_0</a> from sos_filter.o(.text.sos_create_sos_select_1_3109631110042392_2_0_2_20000_0) referenced 2 times from sos_filter.o(.data.g_detectorFilterItems)
 <LI><a href="#[21]">sos_create_sos_select_1_3109631110042392_2_0_2_20000_0</a> from sos_filter.o(.text.sos_create_sos_select_1_3109631110042392_2_0_2_20000_0) referenced 2 times from sos_filter.o(.data.g_detectorFilterItems2)
 <LI><a href="#[22]">sos_create_sos_select_1_4172838855107215_2_0_2_20000_0</a> from sos_filter.o(.text.sos_create_sos_select_1_4172838855107215_2_0_2_20000_0) referenced 2 times from sos_filter.o(.data.g_detectorFilterItems)
 <LI><a href="#[22]">sos_create_sos_select_1_4172838855107215_2_0_2_20000_0</a> from sos_filter.o(.text.sos_create_sos_select_1_4172838855107215_2_0_2_20000_0) referenced 2 times from sos_filter.o(.data.g_detectorFilterItems2)
 <LI><a href="#[23]">sos_create_sos_select_1_5322274099609456_2_0_2_20000_0</a> from sos_filter.o(.text.sos_create_sos_select_1_5322274099609456_2_0_2_20000_0) referenced 2 times from sos_filter.o(.data.g_detectorFilterItems)
 <LI><a href="#[23]">sos_create_sos_select_1_5322274099609456_2_0_2_20000_0</a> from sos_filter.o(.text.sos_create_sos_select_1_5322274099609456_2_0_2_20000_0) referenced 2 times from sos_filter.o(.data.g_detectorFilterItems2)
 <LI><a href="#[24]">sos_create_sos_select_1_6564930003346647_2_0_2_20000_0</a> from sos_filter.o(.text.sos_create_sos_select_1_6564930003346647_2_0_2_20000_0) referenced 2 times from sos_filter.o(.data.g_detectorFilterItems)
 <LI><a href="#[24]">sos_create_sos_select_1_6564930003346647_2_0_2_20000_0</a> from sos_filter.o(.text.sos_create_sos_select_1_6564930003346647_2_0_2_20000_0) referenced 2 times from sos_filter.o(.data.g_detectorFilterItems2)
 <LI><a href="#[25]">sos_create_sos_select_1_790836688026408_2_0_2_20000_0</a> from sos_filter.o(.text.sos_create_sos_select_1_790836688026408_2_0_2_20000_0) referenced 2 times from sos_filter.o(.data.g_detectorFilterItems)
 <LI><a href="#[25]">sos_create_sos_select_1_790836688026408_2_0_2_20000_0</a> from sos_filter.o(.text.sos_create_sos_select_1_790836688026408_2_0_2_20000_0) referenced 2 times from sos_filter.o(.data.g_detectorFilterItems2)
 <LI><a href="#[26]">sos_create_sos_select_1_9360758195376957_2_0_2_20000_0</a> from sos_filter.o(.text.sos_create_sos_select_1_9360758195376957_2_0_2_20000_0) referenced 2 times from sos_filter.o(.data.g_detectorFilterItems)
 <LI><a href="#[26]">sos_create_sos_select_1_9360758195376957_2_0_2_20000_0</a> from sos_filter.o(.text.sos_create_sos_select_1_9360758195376957_2_0_2_20000_0) referenced 2 times from sos_filter.o(.data.g_detectorFilterItems2)
 <LI><a href="#[7f]">sos_create_sos_select_2000_0000000000002_2_0_2_20000_0</a> from sos_filter.o(.text.sos_create_sos_select_2000_0000000000002_2_0_2_20000_0) referenced 2 times from sos_filter.o(.data.g_detectorFilterItems)
 <LI><a href="#[7f]">sos_create_sos_select_2000_0000000000002_2_0_2_20000_0</a> from sos_filter.o(.text.sos_create_sos_select_2000_0000000000002_2_0_2_20000_0) referenced 2 times from sos_filter.o(.data.g_detectorFilterItems2)
 <LI><a href="#[62]">sos_create_sos_select_208_4035132657547_2_0_2_20000_0</a> from sos_filter.o(.text.sos_create_sos_select_208_4035132657547_2_0_2_20000_0) referenced 2 times from sos_filter.o(.data.g_detectorFilterItems)
 <LI><a href="#[62]">sos_create_sos_select_208_4035132657547_2_0_2_20000_0</a> from sos_filter.o(.text.sos_create_sos_select_208_4035132657547_2_0_2_20000_0) referenced 2 times from sos_filter.o(.data.g_detectorFilterItems2)
 <LI><a href="#[44]">sos_create_sos_select_20_08693612128368_2_0_2_20000_0</a> from sos_filter.o(.text.sos_create_sos_select_20_08693612128368_2_0_2_20000_0) referenced 2 times from sos_filter.o(.data.g_detectorFilterItems)
 <LI><a href="#[44]">sos_create_sos_select_20_08693612128368_2_0_2_20000_0</a> from sos_filter.o(.text.sos_create_sos_select_20_08693612128368_2_0_2_20000_0) referenced 2 times from sos_filter.o(.data.g_detectorFilterItems2)
 <LI><a href="#[45]">sos_create_sos_select_21_716012170754773_2_0_2_20000_0</a> from sos_filter.o(.text.sos_create_sos_select_21_716012170754773_2_0_2_20000_0) referenced 2 times from sos_filter.o(.data.g_detectorFilterItems)
 <LI><a href="#[45]">sos_create_sos_select_21_716012170754773_2_0_2_20000_0</a> from sos_filter.o(.text.sos_create_sos_select_21_716012170754773_2_0_2_20000_0) referenced 2 times from sos_filter.o(.data.g_detectorFilterItems2)
 <LI><a href="#[63]">sos_create_sos_select_225_30530306769168_2_0_2_20000_0</a> from sos_filter.o(.text.sos_create_sos_select_225_30530306769168_2_0_2_20000_0) referenced 2 times from sos_filter.o(.data.g_detectorFilterItems)
 <LI><a href="#[63]">sos_create_sos_select_225_30530306769168_2_0_2_20000_0</a> from sos_filter.o(.text.sos_create_sos_select_225_30530306769168_2_0_2_20000_0) referenced 2 times from sos_filter.o(.data.g_detectorFilterItems2)
 <LI><a href="#[46]">sos_create_sos_select_23_47720835835628_2_0_2_20000_0</a> from sos_filter.o(.text.sos_create_sos_select_23_47720835835628_2_0_2_20000_0) referenced 2 times from sos_filter.o(.data.g_detectorFilterItems)
 <LI><a href="#[46]">sos_create_sos_select_23_47720835835628_2_0_2_20000_0</a> from sos_filter.o(.text.sos_create_sos_select_23_47720835835628_2_0_2_20000_0) referenced 2 times from sos_filter.o(.data.g_detectorFilterItems2)
 <LI><a href="#[64]">sos_create_sos_select_243_57784950435308_2_0_2_20000_0</a> from sos_filter.o(.text.sos_create_sos_select_243_57784950435308_2_0_2_20000_0) referenced 2 times from sos_filter.o(.data.g_detectorFilterItems)
 <LI><a href="#[64]">sos_create_sos_select_243_57784950435308_2_0_2_20000_0</a> from sos_filter.o(.text.sos_create_sos_select_243_57784950435308_2_0_2_20000_0) referenced 2 times from sos_filter.o(.data.g_detectorFilterItems2)
 <LI><a href="#[47]">sos_create_sos_select_25_381239795212196_2_0_2_20000_0</a> from sos_filter.o(.text.sos_create_sos_select_25_381239795212196_2_0_2_20000_0) referenced 2 times from sos_filter.o(.data.g_detectorFilterItems)
 <LI><a href="#[47]">sos_create_sos_select_25_381239795212196_2_0_2_20000_0</a> from sos_filter.o(.text.sos_create_sos_select_25_381239795212196_2_0_2_20000_0) referenced 2 times from sos_filter.o(.data.g_detectorFilterItems2)
 <LI><a href="#[65]">sos_create_sos_select_263_3323226810148_2_0_2_20000_0</a> from sos_filter.o(.text.sos_create_sos_select_263_3323226810148_2_0_2_20000_0) referenced 2 times from sos_filter.o(.data.g_detectorFilterItems)
 <LI><a href="#[65]">sos_create_sos_select_263_3323226810148_2_0_2_20000_0</a> from sos_filter.o(.text.sos_create_sos_select_263_3323226810148_2_0_2_20000_0) referenced 2 times from sos_filter.o(.data.g_detectorFilterItems2)
 <LI><a href="#[48]">sos_create_sos_select_27_4396906015774_2_0_2_20000_0</a> from sos_filter.o(.text.sos_create_sos_select_27_4396906015774_2_0_2_20000_0) referenced 2 times from sos_filter.o(.data.g_detectorFilterItems)
 <LI><a href="#[48]">sos_create_sos_select_27_4396906015774_2_0_2_20000_0</a> from sos_filter.o(.text.sos_create_sos_select_27_4396906015774_2_0_2_20000_0) referenced 2 times from sos_filter.o(.data.g_detectorFilterItems2)
 <LI><a href="#[66]">sos_create_sos_select_284_688908739786_2_0_2_20000_0</a> from sos_filter.o(.text.sos_create_sos_select_284_688908739786_2_0_2_20000_0) referenced 2 times from sos_filter.o(.data.g_detectorFilterItems)
 <LI><a href="#[66]">sos_create_sos_select_284_688908739786_2_0_2_20000_0</a> from sos_filter.o(.text.sos_create_sos_select_284_688908739786_2_0_2_20000_0) referenced 2 times from sos_filter.o(.data.g_detectorFilterItems2)
 <LI><a href="#[49]">sos_create_sos_select_29_66508438458257_2_0_2_20000_0</a> from sos_filter.o(.text.sos_create_sos_select_29_66508438458257_2_0_2_20000_0) referenced 2 times from sos_filter.o(.data.g_detectorFilterItems)
 <LI><a href="#[49]">sos_create_sos_select_29_66508438458257_2_0_2_20000_0</a> from sos_filter.o(.text.sos_create_sos_select_29_66508438458257_2_0_2_20000_0) referenced 2 times from sos_filter.o(.data.g_detectorFilterItems2)
 <LI><a href="#[27]">sos_create_sos_select_2_093094029210154_2_0_2_20000_0</a> from sos_filter.o(.text.sos_create_sos_select_2_093094029210154_2_0_2_20000_0) referenced 2 times from sos_filter.o(.data.g_detectorFilterItems)
 <LI><a href="#[27]">sos_create_sos_select_2_093094029210154_2_0_2_20000_0</a> from sos_filter.o(.text.sos_create_sos_select_2_093094029210154_2_0_2_20000_0) referenced 2 times from sos_filter.o(.data.g_detectorFilterItems2)
 <LI><a href="#[28]">sos_create_sos_select_2_26284661525359_2_0_2_20000_0</a> from sos_filter.o(.text.sos_create_sos_select_2_26284661525359_2_0_2_20000_0) referenced 2 times from sos_filter.o(.data.g_detectorFilterItems)
 <LI><a href="#[28]">sos_create_sos_select_2_26284661525359_2_0_2_20000_0</a> from sos_filter.o(.text.sos_create_sos_select_2_26284661525359_2_0_2_20000_0) referenced 2 times from sos_filter.o(.data.g_detectorFilterItems2)
 <LI><a href="#[29]">sos_create_sos_select_2_446366351776792_2_0_2_20000_0</a> from sos_filter.o(.text.sos_create_sos_select_2_446366351776792_2_0_2_20000_0) referenced 2 times from sos_filter.o(.data.g_detectorFilterItems)
 <LI><a href="#[29]">sos_create_sos_select_2_446366351776792_2_0_2_20000_0</a> from sos_filter.o(.text.sos_create_sos_select_2_446366351776792_2_0_2_20000_0) referenced 2 times from sos_filter.o(.data.g_detectorFilterItems2)
 <LI><a href="#[2a]">sos_create_sos_select_2_6447697721814_2_0_2_20000_0</a> from sos_filter.o(.text.sos_create_sos_select_2_6447697721814_2_0_2_20000_0) referenced 2 times from sos_filter.o(.data.g_detectorFilterItems)
 <LI><a href="#[2a]">sos_create_sos_select_2_6447697721814_2_0_2_20000_0</a> from sos_filter.o(.text.sos_create_sos_select_2_6447697721814_2_0_2_20000_0) referenced 2 times from sos_filter.o(.data.g_detectorFilterItems2)
 <LI><a href="#[2b]">sos_create_sos_select_2_859263962147018_2_0_2_20000_0</a> from sos_filter.o(.text.sos_create_sos_select_2_859263962147018_2_0_2_20000_0) referenced 2 times from sos_filter.o(.data.g_detectorFilterItems)
 <LI><a href="#[2b]">sos_create_sos_select_2_859263962147018_2_0_2_20000_0</a> from sos_filter.o(.text.sos_create_sos_select_2_859263962147018_2_0_2_20000_0) referenced 2 times from sos_filter.o(.data.g_detectorFilterItems2)
 <LI><a href="#[67]">sos_create_sos_select_307_7775410716544_2_0_2_20000_0</a> from sos_filter.o(.text.sos_create_sos_select_307_7775410716544_2_0_2_20000_0) referenced 2 times from sos_filter.o(.data.g_detectorFilterItems)
 <LI><a href="#[67]">sos_create_sos_select_307_7775410716544_2_0_2_20000_0</a> from sos_filter.o(.text.sos_create_sos_select_307_7775410716544_2_0_2_20000_0) referenced 2 times from sos_filter.o(.data.g_detectorFilterItems2)
 <LI><a href="#[4a]">sos_create_sos_select_32_070960431813944_2_0_2_20000_0</a> from sos_filter.o(.text.sos_create_sos_select_32_070960431813944_2_0_2_20000_0) referenced 2 times from sos_filter.o(.data.g_detectorFilterItems)
 <LI><a href="#[4a]">sos_create_sos_select_32_070960431813944_2_0_2_20000_0</a> from sos_filter.o(.text.sos_create_sos_select_32_070960431813944_2_0_2_20000_0) referenced 2 times from sos_filter.o(.data.g_detectorFilterItems2)
 <LI><a href="#[68]">sos_create_sos_select_332_73869083075977_2_0_2_20000_0</a> from sos_filter.o(.text.sos_create_sos_select_332_73869083075977_2_0_2_20000_0) referenced 2 times from sos_filter.o(.data.g_detectorFilterItems)
 <LI><a href="#[68]">sos_create_sos_select_332_73869083075977_2_0_2_20000_0</a> from sos_filter.o(.text.sos_create_sos_select_332_73869083075977_2_0_2_20000_0) referenced 2 times from sos_filter.o(.data.g_detectorFilterItems2)
 <LI><a href="#[4b]">sos_create_sos_select_34_67195608428901_2_0_2_20000_0</a> from sos_filter.o(.text.sos_create_sos_select_34_67195608428901_2_0_2_20000_0) referenced 2 times from sos_filter.o(.data.g_detectorFilterItems)
 <LI><a href="#[4b]">sos_create_sos_select_34_67195608428901_2_0_2_20000_0</a> from sos_filter.o(.text.sos_create_sos_select_34_67195608428901_2_0_2_20000_0) referenced 2 times from sos_filter.o(.data.g_detectorFilterItems2)
 <LI><a href="#[69]">sos_create_sos_select_359_72422156037686_2_0_2_20000_0</a> from sos_filter.o(.text.sos_create_sos_select_359_72422156037686_2_0_2_20000_0) referenced 2 times from sos_filter.o(.data.g_detectorFilterItems)
 <LI><a href="#[69]">sos_create_sos_select_359_72422156037686_2_0_2_20000_0</a> from sos_filter.o(.text.sos_create_sos_select_359_72422156037686_2_0_2_20000_0) referenced 2 times from sos_filter.o(.data.g_detectorFilterItems2)
 <LI><a href="#[4c]">sos_create_sos_select_37_4838957899856_2_0_2_20000_0</a> from sos_filter.o(.text.sos_create_sos_select_37_4838957899856_2_0_2_20000_0) referenced 2 times from sos_filter.o(.data.g_detectorFilterItems)
 <LI><a href="#[4c]">sos_create_sos_select_37_4838957899856_2_0_2_20000_0</a> from sos_filter.o(.text.sos_create_sos_select_37_4838957899856_2_0_2_20000_0) referenced 2 times from sos_filter.o(.data.g_detectorFilterItems2)
 <LI><a href="#[6a]">sos_create_sos_select_388_89831313015645_2_0_2_20000_0</a> from sos_filter.o(.text.sos_create_sos_select_388_89831313015645_2_0_2_20000_0) referenced 2 times from sos_filter.o(.data.g_detectorFilterItems)
 <LI><a href="#[6a]">sos_create_sos_select_388_89831313015645_2_0_2_20000_0</a> from sos_filter.o(.text.sos_create_sos_select_388_89831313015645_2_0_2_20000_0) referenced 2 times from sos_filter.o(.data.g_detectorFilterItems2)
 <LI><a href="#[2c]">sos_create_sos_select_3_0911539035360414_2_0_2_20000_0</a> from sos_filter.o(.text.sos_create_sos_select_3_0911539035360414_2_0_2_20000_0) referenced 2 times from sos_filter.o(.data.g_detectorFilterItems)
 <LI><a href="#[2c]">sos_create_sos_select_3_0911539035360414_2_0_2_20000_0</a> from sos_filter.o(.text.sos_create_sos_select_3_0911539035360414_2_0_2_20000_0) referenced 2 times from sos_filter.o(.data.g_detectorFilterItems2)
 <LI><a href="#[2d]">sos_create_sos_select_3_3418504138985115_2_0_2_20000_0</a> from sos_filter.o(.text.sos_create_sos_select_3_3418504138985115_2_0_2_20000_0) referenced 2 times from sos_filter.o(.data.g_detectorFilterItems)
 <LI><a href="#[2d]">sos_create_sos_select_3_3418504138985115_2_0_2_20000_0</a> from sos_filter.o(.text.sos_create_sos_select_3_3418504138985115_2_0_2_20000_0) referenced 2 times from sos_filter.o(.data.g_detectorFilterItems2)
 <LI><a href="#[2e]">sos_create_sos_select_3_6128787298808898_2_0_2_20000_0</a> from sos_filter.o(.text.sos_create_sos_select_3_6128787298808898_2_0_2_20000_0) referenced 2 times from sos_filter.o(.data.g_detectorFilterItems)
 <LI><a href="#[2e]">sos_create_sos_select_3_6128787298808898_2_0_2_20000_0</a> from sos_filter.o(.text.sos_create_sos_select_3_6128787298808898_2_0_2_20000_0) referenced 2 times from sos_filter.o(.data.g_detectorFilterItems2)
 <LI><a href="#[2f]">sos_create_sos_select_3_905887786760213_2_0_2_20000_0</a> from sos_filter.o(.text.sos_create_sos_select_3_905887786760213_2_0_2_20000_0) referenced 2 times from sos_filter.o(.data.g_detectorFilterItems)
 <LI><a href="#[2f]">sos_create_sos_select_3_905887786760213_2_0_2_20000_0</a> from sos_filter.o(.text.sos_create_sos_select_3_905887786760213_2_0_2_20000_0) referenced 2 times from sos_filter.o(.data.g_detectorFilterItems2)
 <LI><a href="#[4d]">sos_create_sos_select_40_523887379725046_2_0_2_20000_0</a> from sos_filter.o(.text.sos_create_sos_select_40_523887379725046_2_0_2_20000_0) referenced 2 times from sos_filter.o(.data.g_detectorFilterItems)
 <LI><a href="#[4d]">sos_create_sos_select_40_523887379725046_2_0_2_20000_0</a> from sos_filter.o(.text.sos_create_sos_select_40_523887379725046_2_0_2_20000_0) referenced 2 times from sos_filter.o(.data.g_detectorFilterItems2)
 <LI><a href="#[6b]">sos_create_sos_select_420_4384606058462_2_0_2_20000_0</a> from sos_filter.o(.text.sos_create_sos_select_420_4384606058462_2_0_2_20000_0) referenced 2 times from sos_filter.o(.data.g_detectorFilterItems)
 <LI><a href="#[6b]">sos_create_sos_select_420_4384606058462_2_0_2_20000_0</a> from sos_filter.o(.text.sos_create_sos_select_420_4384606058462_2_0_2_20000_0) referenced 2 times from sos_filter.o(.data.g_detectorFilterItems2)
 <LI><a href="#[4e]">sos_create_sos_select_43_81042615115197_2_0_2_20000_0</a> from sos_filter.o(.text.sos_create_sos_select_43_81042615115197_2_0_2_20000_0) referenced 2 times from sos_filter.o(.data.g_detectorFilterItems)
 <LI><a href="#[4e]">sos_create_sos_select_43_81042615115197_2_0_2_20000_0</a> from sos_filter.o(.text.sos_create_sos_select_43_81042615115197_2_0_2_20000_0) referenced 2 times from sos_filter.o(.data.g_detectorFilterItems2)
 <LI><a href="#[6c]">sos_create_sos_select_454_5365541286187_2_0_2_20000_0</a> from sos_filter.o(.text.sos_create_sos_select_454_5365541286187_2_0_2_20000_0) referenced 2 times from sos_filter.o(.data.g_detectorFilterItems)
 <LI><a href="#[6c]">sos_create_sos_select_454_5365541286187_2_0_2_20000_0</a> from sos_filter.o(.text.sos_create_sos_select_454_5365541286187_2_0_2_20000_0) referenced 2 times from sos_filter.o(.data.g_detectorFilterItems2)
 <LI><a href="#[4f]">sos_create_sos_select_47_36350739405695_2_0_2_20000_0</a> from sos_filter.o(.text.sos_create_sos_select_47_36350739405695_2_0_2_20000_0) referenced 2 times from sos_filter.o(.data.g_detectorFilterItems)
 <LI><a href="#[4f]">sos_create_sos_select_47_36350739405695_2_0_2_20000_0</a> from sos_filter.o(.text.sos_create_sos_select_47_36350739405695_2_0_2_20000_0) referenced 2 times from sos_filter.o(.data.g_detectorFilterItems2)
 <LI><a href="#[6d]">sos_create_sos_select_491_4000463739822_2_0_2_20000_0</a> from sos_filter.o(.text.sos_create_sos_select_491_4000463739822_2_0_2_20000_0) referenced 2 times from sos_filter.o(.data.g_detectorFilterItems)
 <LI><a href="#[6d]">sos_create_sos_select_491_4000463739822_2_0_2_20000_0</a> from sos_filter.o(.text.sos_create_sos_select_491_4000463739822_2_0_2_20000_0) referenced 2 times from sos_filter.o(.data.g_detectorFilterItems2)
 <LI><a href="#[30]">sos_create_sos_select_4_222660250560238_2_0_2_20000_0</a> from sos_filter.o(.text.sos_create_sos_select_4_222660250560238_2_0_2_20000_0) referenced 2 times from sos_filter.o(.data.g_detectorFilterItems)
 <LI><a href="#[30]">sos_create_sos_select_4_222660250560238_2_0_2_20000_0</a> from sos_filter.o(.text.sos_create_sos_select_4_222660250560238_2_0_2_20000_0) referenced 2 times from sos_filter.o(.data.g_detectorFilterItems2)
 <LI><a href="#[31]">sos_create_sos_select_4_565123363784978_2_0_2_20000_0</a> from sos_filter.o(.text.sos_create_sos_select_4_565123363784978_2_0_2_20000_0) referenced 2 times from sos_filter.o(.data.g_detectorFilterItems)
 <LI><a href="#[31]">sos_create_sos_select_4_565123363784978_2_0_2_20000_0</a> from sos_filter.o(.text.sos_create_sos_select_4_565123363784978_2_0_2_20000_0) referenced 2 times from sos_filter.o(.data.g_detectorFilterItems2)
 <LI><a href="#[32]">sos_create_sos_select_4_935360670755006_2_0_2_20000_0</a> from sos_filter.o(.text.sos_create_sos_select_4_935360670755006_2_0_2_20000_0) referenced 2 times from sos_filter.o(.data.g_detectorFilterItems)
 <LI><a href="#[32]">sos_create_sos_select_4_935360670755006_2_0_2_20000_0</a> from sos_filter.o(.text.sos_create_sos_select_4_935360670755006_2_0_2_20000_0) referenced 2 times from sos_filter.o(.data.g_detectorFilterItems2)
 <LI><a href="#[50]">sos_create_sos_select_51_20474804164628_2_0_2_20000_0</a> from sos_filter.o(.text.sos_create_sos_select_51_20474804164628_2_0_2_20000_0) referenced 2 times from sos_filter.o(.data.g_detectorFilterItems)
 <LI><a href="#[50]">sos_create_sos_select_51_20474804164628_2_0_2_20000_0</a> from sos_filter.o(.text.sos_create_sos_select_51_20474804164628_2_0_2_20000_0) referenced 2 times from sos_filter.o(.data.g_detectorFilterItems2)
 <LI><a href="#[6e]">sos_create_sos_select_531_2532146930977_2_0_2_20000_0</a> from sos_filter.o(.text.sos_create_sos_select_531_2532146930977_2_0_2_20000_0) referenced 2 times from sos_filter.o(.data.g_detectorFilterItems)
 <LI><a href="#[6e]">sos_create_sos_select_531_2532146930977_2_0_2_20000_0</a> from sos_filter.o(.text.sos_create_sos_select_531_2532146930977_2_0_2_20000_0) referenced 2 times from sos_filter.o(.data.g_detectorFilterItems2)
 <LI><a href="#[51]">sos_create_sos_select_55_3575181878839_2_0_2_20000_0</a> from sos_filter.o(.text.sos_create_sos_select_55_3575181878839_2_0_2_20000_0) referenced 2 times from sos_filter.o(.data.g_detectorFilterItems)
 <LI><a href="#[51]">sos_create_sos_select_55_3575181878839_2_0_2_20000_0</a> from sos_filter.o(.text.sos_create_sos_select_55_3575181878839_2_0_2_20000_0) referenced 2 times from sos_filter.o(.data.g_detectorFilterItems2)
 <LI><a href="#[6f]">sos_create_sos_select_574_338525615356_2_0_2_20000_0</a> from sos_filter.o(.text.sos_create_sos_select_574_338525615356_2_0_2_20000_0) referenced 2 times from sos_filter.o(.data.g_detectorFilterItems)
 <LI><a href="#[6f]">sos_create_sos_select_574_338525615356_2_0_2_20000_0</a> from sos_filter.o(.text.sos_create_sos_select_574_338525615356_2_0_2_20000_0) referenced 2 times from sos_filter.o(.data.g_detectorFilterItems2)
 <LI><a href="#[52]">sos_create_sos_select_59_84708327105691_2_0_2_20000_0</a> from sos_filter.o(.text.sos_create_sos_select_59_84708327105691_2_0_2_20000_0) referenced 2 times from sos_filter.o(.data.g_detectorFilterItems)
 <LI><a href="#[52]">sos_create_sos_select_59_84708327105691_2_0_2_20000_0</a> from sos_filter.o(.text.sos_create_sos_select_59_84708327105691_2_0_2_20000_0) referenced 2 times from sos_filter.o(.data.g_detectorFilterItems2)
 <LI><a href="#[33]">sos_create_sos_select_5_3356246938834255_2_0_2_20000_0</a> from sos_filter.o(.text.sos_create_sos_select_5_3356246938834255_2_0_2_20000_0) referenced 2 times from sos_filter.o(.data.g_detectorFilterItems)
 <LI><a href="#[33]">sos_create_sos_select_5_3356246938834255_2_0_2_20000_0</a> from sos_filter.o(.text.sos_create_sos_select_5_3356246938834255_2_0_2_20000_0) referenced 2 times from sos_filter.o(.data.g_detectorFilterItems2)
 <LI><a href="#[34]">sos_create_sos_select_5_768350638013953_2_0_2_20000_0</a> from sos_filter.o(.text.sos_create_sos_select_5_768350638013953_2_0_2_20000_0) referenced 2 times from sos_filter.o(.data.g_detectorFilterItems)
 <LI><a href="#[34]">sos_create_sos_select_5_768350638013953_2_0_2_20000_0</a> from sos_filter.o(.text.sos_create_sos_select_5_768350638013953_2_0_2_20000_0) referenced 2 times from sos_filter.o(.data.g_detectorFilterItems2)
 <LI><a href="#[70]">sos_create_sos_select_620_9181100138519_2_0_2_20000_0</a> from sos_filter.o(.text.sos_create_sos_select_620_9181100138519_2_0_2_20000_0) referenced 2 times from sos_filter.o(.data.g_detectorFilterItems)
 <LI><a href="#[70]">sos_create_sos_select_620_9181100138519_2_0_2_20000_0</a> from sos_filter.o(.text.sos_create_sos_select_620_9181100138519_2_0_2_20000_0) referenced 2 times from sos_filter.o(.data.g_detectorFilterItems2)
 <LI><a href="#[53]">sos_create_sos_select_64_70075778860948_2_0_2_20000_0</a> from sos_filter.o(.text.sos_create_sos_select_64_70075778860948_2_0_2_20000_0) referenced 2 times from sos_filter.o(.data.g_detectorFilterItems)
 <LI><a href="#[53]">sos_create_sos_select_64_70075778860948_2_0_2_20000_0</a> from sos_filter.o(.text.sos_create_sos_select_64_70075778860948_2_0_2_20000_0) referenced 2 times from sos_filter.o(.data.g_detectorFilterItems2)
 <LI><a href="#[71]">sos_create_sos_select_671_2753579086483_2_0_2_20000_0</a> from sos_filter.o(.text.sos_create_sos_select_671_2753579086483_2_0_2_20000_0) referenced 2 times from sos_filter.o(.data.g_detectorFilterItems)
 <LI><a href="#[71]">sos_create_sos_select_671_2753579086483_2_0_2_20000_0</a> from sos_filter.o(.text.sos_create_sos_select_671_2753579086483_2_0_2_20000_0) referenced 2 times from sos_filter.o(.data.g_detectorFilterItems2)
 <LI><a href="#[54]">sos_create_sos_select_69_94807147844453_2_0_2_20000_0</a> from sos_filter.o(.text.sos_create_sos_select_69_94807147844453_2_0_2_20000_0) referenced 2 times from sos_filter.o(.data.g_detectorFilterItems)
 <LI><a href="#[54]">sos_create_sos_select_69_94807147844453_2_0_2_20000_0</a> from sos_filter.o(.text.sos_create_sos_select_69_94807147844453_2_0_2_20000_0) referenced 2 times from sos_filter.o(.data.g_detectorFilterItems2)
 <LI><a href="#[35]">sos_create_sos_select_6_23617120619821_2_0_2_20000_0</a> from sos_filter.o(.text.sos_create_sos_select_6_23617120619821_2_0_2_20000_0) referenced 2 times from sos_filter.o(.data.g_detectorFilterItems)
 <LI><a href="#[35]">sos_create_sos_select_6_23617120619821_2_0_2_20000_0</a> from sos_filter.o(.text.sos_create_sos_select_6_23617120619821_2_0_2_20000_0) referenced 2 times from sos_filter.o(.data.g_detectorFilterItems2)
 <LI><a href="#[36]">sos_create_sos_select_6_741932617051424_2_0_2_20000_0</a> from sos_filter.o(.text.sos_create_sos_select_6_741932617051424_2_0_2_20000_0) referenced 2 times from sos_filter.o(.data.g_detectorFilterItems)
 <LI><a href="#[36]">sos_create_sos_select_6_741932617051424_2_0_2_20000_0</a> from sos_filter.o(.text.sos_create_sos_select_6_741932617051424_2_0_2_20000_0) referenced 2 times from sos_filter.o(.data.g_detectorFilterItems2)
 <LI><a href="#[72]">sos_create_sos_select_725_7166426106195_2_0_2_20000_0</a> from sos_filter.o(.text.sos_create_sos_select_725_7166426106195_2_0_2_20000_0) referenced 2 times from sos_filter.o(.data.g_detectorFilterItems)
 <LI><a href="#[72]">sos_create_sos_select_725_7166426106195_2_0_2_20000_0</a> from sos_filter.o(.text.sos_create_sos_select_725_7166426106195_2_0_2_20000_0) referenced 2 times from sos_filter.o(.data.g_detectorFilterItems2)
 <LI><a href="#[55]">sos_create_sos_select_75_6209489777406_2_0_2_20000_0</a> from sos_filter.o(.text.sos_create_sos_select_75_6209489777406_2_0_2_20000_0) referenced 2 times from sos_filter.o(.data.g_detectorFilterItems)
 <LI><a href="#[55]">sos_create_sos_select_75_6209489777406_2_0_2_20000_0</a> from sos_filter.o(.text.sos_create_sos_select_75_6209489777406_2_0_2_20000_0) referenced 2 times from sos_filter.o(.data.g_detectorFilterItems2)
 <LI><a href="#[73]">sos_create_sos_select_784_5731846955453_2_0_2_20000_0</a> from sos_filter.o(.text.sos_create_sos_select_784_5731846955453_2_0_2_20000_0) referenced 2 times from sos_filter.o(.data.g_detectorFilterItems)
 <LI><a href="#[73]">sos_create_sos_select_784_5731846955453_2_0_2_20000_0</a> from sos_filter.o(.text.sos_create_sos_select_784_5731846955453_2_0_2_20000_0) referenced 2 times from sos_filter.o(.data.g_detectorFilterItems2)
 <LI><a href="#[37]">sos_create_sos_select_7_288711921135981_2_0_2_20000_0</a> from sos_filter.o(.text.sos_create_sos_select_7_288711921135981_2_0_2_20000_0) referenced 2 times from sos_filter.o(.data.g_detectorFilterItems)
 <LI><a href="#[37]">sos_create_sos_select_7_288711921135981_2_0_2_20000_0</a> from sos_filter.o(.text.sos_create_sos_select_7_288711921135981_2_0_2_20000_0) referenced 2 times from sos_filter.o(.data.g_detectorFilterItems2)
 <LI><a href="#[38]">sos_create_sos_select_7_879835721725751_2_0_2_20000_0</a> from sos_filter.o(.text.sos_create_sos_select_7_879835721725751_2_0_2_20000_0) referenced 2 times from sos_filter.o(.data.g_detectorFilterItems)
 <LI><a href="#[38]">sos_create_sos_select_7_879835721725751_2_0_2_20000_0</a> from sos_filter.o(.text.sos_create_sos_select_7_879835721725751_2_0_2_20000_0) referenced 2 times from sos_filter.o(.data.g_detectorFilterItems2)
 <LI><a href="#[56]">sos_create_sos_select_81_75390405232665_2_0_2_20000_0</a> from sos_filter.o(.text.sos_create_sos_select_81_75390405232665_2_0_2_20000_0) referenced 2 times from sos_filter.o(.data.g_detectorFilterItems)
 <LI><a href="#[56]">sos_create_sos_select_81_75390405232665_2_0_2_20000_0</a> from sos_filter.o(.text.sos_create_sos_select_81_75390405232665_2_0_2_20000_0) referenced 2 times from sos_filter.o(.data.g_detectorFilterItems2)
 <LI><a href="#[74]">sos_create_sos_select_848_2030671488724_2_0_2_20000_0</a> from sos_filter.o(.text.sos_create_sos_select_848_2030671488724_2_0_2_20000_0) referenced 2 times from sos_filter.o(.data.g_detectorFilterItems)
 <LI><a href="#[74]">sos_create_sos_select_848_2030671488724_2_0_2_20000_0</a> from sos_filter.o(.text.sos_create_sos_select_848_2030671488724_2_0_2_20000_0) referenced 2 times from sos_filter.o(.data.g_detectorFilterItems2)
 <LI><a href="#[57]">sos_create_sos_select_88_38424957830682_2_0_2_20000_0</a> from sos_filter.o(.text.sos_create_sos_select_88_38424957830682_2_0_2_20000_0) referenced 2 times from sos_filter.o(.data.g_detectorFilterItems)
 <LI><a href="#[57]">sos_create_sos_select_88_38424957830682_2_0_2_20000_0</a> from sos_filter.o(.text.sos_create_sos_select_88_38424957830682_2_0_2_20000_0) referenced 2 times from sos_filter.o(.data.g_detectorFilterItems2)
 <LI><a href="#[39]">sos_create_sos_select_8_518900413848137_2_0_2_20000_0</a> from sos_filter.o(.text.sos_create_sos_select_8_518900413848137_2_0_2_20000_0) referenced 2 times from sos_filter.o(.data.g_detectorFilterItems)
 <LI><a href="#[39]">sos_create_sos_select_8_518900413848137_2_0_2_20000_0</a> from sos_filter.o(.text.sos_create_sos_select_8_518900413848137_2_0_2_20000_0) referenced 2 times from sos_filter.o(.data.g_detectorFilterItems2)
 <LI><a href="#[75]">sos_create_sos_select_916_9934139412852_2_0_2_20000_0</a> from sos_filter.o(.text.sos_create_sos_select_916_9934139412852_2_0_2_20000_0) referenced 2 times from sos_filter.o(.data.g_detectorFilterItems)
 <LI><a href="#[75]">sos_create_sos_select_916_9934139412852_2_0_2_20000_0</a> from sos_filter.o(.text.sos_create_sos_select_916_9934139412852_2_0_2_20000_0) referenced 2 times from sos_filter.o(.data.g_detectorFilterItems2)
 <LI><a href="#[58]">sos_create_sos_select_95_55232455346106_2_0_2_20000_0</a> from sos_filter.o(.text.sos_create_sos_select_95_55232455346106_2_0_2_20000_0) referenced 2 times from sos_filter.o(.data.g_detectorFilterItems)
 <LI><a href="#[58]">sos_create_sos_select_95_55232455346106_2_0_2_20000_0</a> from sos_filter.o(.text.sos_create_sos_select_95_55232455346106_2_0_2_20000_0) referenced 2 times from sos_filter.o(.data.g_detectorFilterItems2)
 <LI><a href="#[76]">sos_create_sos_select_991_3627452895154_2_0_2_20000_0</a> from sos_filter.o(.text.sos_create_sos_select_991_3627452895154_2_0_2_20000_0) referenced 2 times from sos_filter.o(.data.g_detectorFilterItems)
 <LI><a href="#[76]">sos_create_sos_select_991_3627452895154_2_0_2_20000_0</a> from sos_filter.o(.text.sos_create_sos_select_991_3627452895154_2_0_2_20000_0) referenced 2 times from sos_filter.o(.data.g_detectorFilterItems2)
 <LI><a href="#[3a]">sos_create_sos_select_9_209794064738215_2_0_2_20000_0</a> from sos_filter.o(.text.sos_create_sos_select_9_209794064738215_2_0_2_20000_0) referenced 2 times from sos_filter.o(.data.g_detectorFilterItems)
 <LI><a href="#[3a]">sos_create_sos_select_9_209794064738215_2_0_2_20000_0</a> from sos_filter.o(.text.sos_create_sos_select_9_209794064738215_2_0_2_20000_0) referenced 2 times from sos_filter.o(.data.g_detectorFilterItems2)
 <LI><a href="#[3b]">sos_create_sos_select_9_956720068825453_2_0_2_20000_0</a> from sos_filter.o(.text.sos_create_sos_select_9_956720068825453_2_0_2_20000_0) referenced 2 times from sos_filter.o(.data.g_detectorFilterItems)
 <LI><a href="#[3b]">sos_create_sos_select_9_956720068825453_2_0_2_20000_0</a> from sos_filter.o(.text.sos_create_sos_select_9_956720068825453_2_0_2_20000_0) referenced 2 times from sos_filter.o(.data.g_detectorFilterItems2)
</UL>
<P>
<H3>
Global Symbols
</H3>
<P><STRONG><a name="[da]"></a>__main</STRONG> (Thumb, 0 bytes, Stack size unknown bytes, entry.o(.ARM.Collect$$$$00000000))
<BR>[Address Reference Count : 1]<UL><LI> startup_stm32f405xx.o(.text)
</UL>
<P><STRONG><a name="[175]"></a>_main_stk</STRONG> (Thumb, 0 bytes, Stack size unknown bytes, entry2.o(.ARM.Collect$$$$00000001))

<P><STRONG><a name="[de]"></a>_main_scatterload</STRONG> (Thumb, 0 bytes, Stack size unknown bytes, entry5.o(.ARM.Collect$$$$00000004))
<BR><BR>[Calls]<UL><LI><a href="#[df]">&gt;&gt;</a>&nbsp;&nbsp;&nbsp;__scatterload
</UL>

<P><STRONG><a name="[f8]"></a>__main_after_scatterload</STRONG> (Thumb, 0 bytes, Stack size unknown bytes, entry5.o(.ARM.Collect$$$$00000004))
<BR><BR>[Called By]<UL><LI><a href="#[df]">&gt;&gt;</a>&nbsp;&nbsp;&nbsp;__scatterload
</UL>

<P><STRONG><a name="[176]"></a>_main_clock</STRONG> (Thumb, 0 bytes, Stack size unknown bytes, entry7b.o(.ARM.Collect$$$$00000008))

<P><STRONG><a name="[177]"></a>_main_cpp_init</STRONG> (Thumb, 0 bytes, Stack size unknown bytes, entry8b.o(.ARM.Collect$$$$0000000A))

<P><STRONG><a name="[178]"></a>_main_init</STRONG> (Thumb, 0 bytes, Stack size unknown bytes, entry9a.o(.ARM.Collect$$$$0000000B))

<P><STRONG><a name="[179]"></a>__rt_final_cpp</STRONG> (Thumb, 0 bytes, Stack size unknown bytes, entry10a.o(.ARM.Collect$$$$0000000D))

<P><STRONG><a name="[17a]"></a>__rt_final_exit</STRONG> (Thumb, 0 bytes, Stack size unknown bytes, entry11a.o(.ARM.Collect$$$$0000000F))

<P><STRONG><a name="[80]"></a>Reset_Handler</STRONG> (Thumb, 8 bytes, Stack size 0 bytes, startup_stm32f405xx.o(.text))
<BR>[Address Reference Count : 1]<UL><LI> startup_stm32f405xx.o(RESET)
</UL>
<P><STRONG><a name="[9e]"></a>CAN1_RX0_IRQHandler</STRONG> (Thumb, 0 bytes, Stack size 0 bytes, startup_stm32f405xx.o(.text))
<BR><BR>[Calls]<UL><LI><a href="#[9e]">&gt;&gt;</a>&nbsp;&nbsp;&nbsp;CAN1_RX0_IRQHandler
</UL>
<BR>[Called By]<UL><LI><a href="#[9e]">&gt;&gt;</a>&nbsp;&nbsp;&nbsp;CAN1_RX0_IRQHandler
</UL>
<BR>[Address Reference Count : 1]<UL><LI> startup_stm32f405xx.o(RESET)
</UL>
<P><STRONG><a name="[9f]"></a>CAN1_RX1_IRQHandler</STRONG> (Thumb, 0 bytes, Stack size 0 bytes, startup_stm32f405xx.o(.text))
<BR>[Address Reference Count : 1]<UL><LI> startup_stm32f405xx.o(RESET)
</UL>
<P><STRONG><a name="[a0]"></a>CAN1_SCE_IRQHandler</STRONG> (Thumb, 0 bytes, Stack size 0 bytes, startup_stm32f405xx.o(.text))
<BR>[Address Reference Count : 1]<UL><LI> startup_stm32f405xx.o(RESET)
</UL>
<P><STRONG><a name="[9d]"></a>CAN1_TX_IRQHandler</STRONG> (Thumb, 0 bytes, Stack size 0 bytes, startup_stm32f405xx.o(.text))
<BR>[Address Reference Count : 1]<UL><LI> startup_stm32f405xx.o(RESET)
</UL>
<P><STRONG><a name="[c8]"></a>CAN2_RX0_IRQHandler</STRONG> (Thumb, 0 bytes, Stack size 0 bytes, startup_stm32f405xx.o(.text))
<BR>[Address Reference Count : 1]<UL><LI> startup_stm32f405xx.o(RESET)
</UL>
<P><STRONG><a name="[c9]"></a>CAN2_RX1_IRQHandler</STRONG> (Thumb, 0 bytes, Stack size 0 bytes, startup_stm32f405xx.o(.text))
<BR>[Address Reference Count : 1]<UL><LI> startup_stm32f405xx.o(RESET)
</UL>
<P><STRONG><a name="[ca]"></a>CAN2_SCE_IRQHandler</STRONG> (Thumb, 0 bytes, Stack size 0 bytes, startup_stm32f405xx.o(.text))
<BR>[Address Reference Count : 1]<UL><LI> startup_stm32f405xx.o(RESET)
</UL>
<P><STRONG><a name="[c7]"></a>CAN2_TX_IRQHandler</STRONG> (Thumb, 0 bytes, Stack size 0 bytes, startup_stm32f405xx.o(.text))
<BR>[Address Reference Count : 1]<UL><LI> startup_stm32f405xx.o(RESET)
</UL>
<P><STRONG><a name="[95]"></a>DMA1_Stream0_IRQHandler</STRONG> (Thumb, 0 bytes, Stack size 0 bytes, startup_stm32f405xx.o(.text))
<BR>[Address Reference Count : 1]<UL><LI> startup_stm32f405xx.o(RESET)
</UL>
<P><STRONG><a name="[96]"></a>DMA1_Stream1_IRQHandler</STRONG> (Thumb, 0 bytes, Stack size 0 bytes, startup_stm32f405xx.o(.text))
<BR>[Address Reference Count : 1]<UL><LI> startup_stm32f405xx.o(RESET)
</UL>
<P><STRONG><a name="[97]"></a>DMA1_Stream2_IRQHandler</STRONG> (Thumb, 0 bytes, Stack size 0 bytes, startup_stm32f405xx.o(.text))
<BR>[Address Reference Count : 1]<UL><LI> startup_stm32f405xx.o(RESET)
</UL>
<P><STRONG><a name="[99]"></a>DMA1_Stream4_IRQHandler</STRONG> (Thumb, 0 bytes, Stack size 0 bytes, startup_stm32f405xx.o(.text))
<BR>[Address Reference Count : 1]<UL><LI> startup_stm32f405xx.o(RESET)
</UL>
<P><STRONG><a name="[9a]"></a>DMA1_Stream5_IRQHandler</STRONG> (Thumb, 0 bytes, Stack size 0 bytes, startup_stm32f405xx.o(.text))
<BR>[Address Reference Count : 1]<UL><LI> startup_stm32f405xx.o(RESET)
</UL>
<P><STRONG><a name="[9b]"></a>DMA1_Stream6_IRQHandler</STRONG> (Thumb, 0 bytes, Stack size 0 bytes, startup_stm32f405xx.o(.text))
<BR>[Address Reference Count : 1]<UL><LI> startup_stm32f405xx.o(RESET)
</UL>
<P><STRONG><a name="[b9]"></a>DMA1_Stream7_IRQHandler</STRONG> (Thumb, 0 bytes, Stack size 0 bytes, startup_stm32f405xx.o(.text))
<BR>[Address Reference Count : 1]<UL><LI> startup_stm32f405xx.o(RESET)
</UL>
<P><STRONG><a name="[c2]"></a>DMA2_Stream0_IRQHandler</STRONG> (Thumb, 0 bytes, Stack size 0 bytes, startup_stm32f405xx.o(.text))
<BR>[Address Reference Count : 1]<UL><LI> startup_stm32f405xx.o(RESET)
</UL>
<P><STRONG><a name="[c3]"></a>DMA2_Stream1_IRQHandler</STRONG> (Thumb, 0 bytes, Stack size 0 bytes, startup_stm32f405xx.o(.text))
<BR>[Address Reference Count : 1]<UL><LI> startup_stm32f405xx.o(RESET)
</UL>
<P><STRONG><a name="[c4]"></a>DMA2_Stream2_IRQHandler</STRONG> (Thumb, 0 bytes, Stack size 0 bytes, startup_stm32f405xx.o(.text))
<BR>[Address Reference Count : 1]<UL><LI> startup_stm32f405xx.o(RESET)
</UL>
<P><STRONG><a name="[c5]"></a>DMA2_Stream3_IRQHandler</STRONG> (Thumb, 0 bytes, Stack size 0 bytes, startup_stm32f405xx.o(.text))
<BR>[Address Reference Count : 1]<UL><LI> startup_stm32f405xx.o(RESET)
</UL>
<P><STRONG><a name="[c6]"></a>DMA2_Stream4_IRQHandler</STRONG> (Thumb, 0 bytes, Stack size 0 bytes, startup_stm32f405xx.o(.text))
<BR>[Address Reference Count : 1]<UL><LI> startup_stm32f405xx.o(RESET)
</UL>
<P><STRONG><a name="[cc]"></a>DMA2_Stream5_IRQHandler</STRONG> (Thumb, 0 bytes, Stack size 0 bytes, startup_stm32f405xx.o(.text))
<BR>[Address Reference Count : 1]<UL><LI> startup_stm32f405xx.o(RESET)
</UL>
<P><STRONG><a name="[cd]"></a>DMA2_Stream6_IRQHandler</STRONG> (Thumb, 0 bytes, Stack size 0 bytes, startup_stm32f405xx.o(.text))
<BR>[Address Reference Count : 1]<UL><LI> startup_stm32f405xx.o(RESET)
</UL>
<P><STRONG><a name="[ce]"></a>DMA2_Stream7_IRQHandler</STRONG> (Thumb, 0 bytes, Stack size 0 bytes, startup_stm32f405xx.o(.text))
<BR>[Address Reference Count : 1]<UL><LI> startup_stm32f405xx.o(RESET)
</UL>
<P><STRONG><a name="[90]"></a>EXTI0_IRQHandler</STRONG> (Thumb, 0 bytes, Stack size 0 bytes, startup_stm32f405xx.o(.text))
<BR>[Address Reference Count : 1]<UL><LI> startup_stm32f405xx.o(RESET)
</UL>
<P><STRONG><a name="[91]"></a>EXTI1_IRQHandler</STRONG> (Thumb, 0 bytes, Stack size 0 bytes, startup_stm32f405xx.o(.text))
<BR>[Address Reference Count : 1]<UL><LI> startup_stm32f405xx.o(RESET)
</UL>
<P><STRONG><a name="[92]"></a>EXTI2_IRQHandler</STRONG> (Thumb, 0 bytes, Stack size 0 bytes, startup_stm32f405xx.o(.text))
<BR>[Address Reference Count : 1]<UL><LI> startup_stm32f405xx.o(RESET)
</UL>
<P><STRONG><a name="[93]"></a>EXTI3_IRQHandler</STRONG> (Thumb, 0 bytes, Stack size 0 bytes, startup_stm32f405xx.o(.text))
<BR>[Address Reference Count : 1]<UL><LI> startup_stm32f405xx.o(RESET)
</UL>
<P><STRONG><a name="[94]"></a>EXTI4_IRQHandler</STRONG> (Thumb, 0 bytes, Stack size 0 bytes, startup_stm32f405xx.o(.text))
<BR>[Address Reference Count : 1]<UL><LI> startup_stm32f405xx.o(RESET)
</UL>
<P><STRONG><a name="[a1]"></a>EXTI9_5_IRQHandler</STRONG> (Thumb, 0 bytes, Stack size 0 bytes, startup_stm32f405xx.o(.text))
<BR>[Address Reference Count : 1]<UL><LI> startup_stm32f405xx.o(RESET)
</UL>
<P><STRONG><a name="[8e]"></a>FLASH_IRQHandler</STRONG> (Thumb, 0 bytes, Stack size 0 bytes, startup_stm32f405xx.o(.text))
<BR>[Address Reference Count : 1]<UL><LI> startup_stm32f405xx.o(RESET)
</UL>
<P><STRONG><a name="[ba]"></a>FMC_IRQHandler</STRONG> (Thumb, 0 bytes, Stack size 0 bytes, startup_stm32f405xx.o(.text))
<BR>[Address Reference Count : 1]<UL><LI> startup_stm32f405xx.o(RESET)
</UL>
<P><STRONG><a name="[d7]"></a>FPU_IRQHandler</STRONG> (Thumb, 0 bytes, Stack size 0 bytes, startup_stm32f405xx.o(.text))
<BR>[Address Reference Count : 1]<UL><LI> startup_stm32f405xx.o(RESET)
</UL>
<P><STRONG><a name="[d6]"></a>HASH_RNG_IRQHandler</STRONG> (Thumb, 0 bytes, Stack size 0 bytes, startup_stm32f405xx.o(.text))
<BR>[Address Reference Count : 1]<UL><LI> startup_stm32f405xx.o(RESET)
</UL>
<P><STRONG><a name="[aa]"></a>I2C1_ER_IRQHandler</STRONG> (Thumb, 0 bytes, Stack size 0 bytes, startup_stm32f405xx.o(.text))
[...]
<BR><BR>[Stack]<UL><LI>Max Depth = 264<LI>Call Chain = sos_create_sos_select_307_7775410716544_2_0_2_20000_0 &rArr; sos_create &rArr; __aeabi_dmul &rArr; _double_epilogue &rArr; _double_round
</UL>
<BR>[Calls]<UL><LI><a href="#[163]">&gt;&gt;</a>&nbsp;&nbsp;&nbsp;sos_create
<LI><a href="#[165]">&gt;&gt;</a>&nbsp;&nbsp;&nbsp;__aeabi_memcpy8
</UL>
<BR>[Address Reference Count : 2]<UL><LI> sos_filter.o(.data.g_detectorFilterItems)
<LI> sos_filter.o(.data.g_detectorFilterItems2)
</UL>
<P><STRONG><a name="[68]"></a>sos_create_sos_select_332_73869083075977_2_0_2_20000_0</STRONG> (Thumb, 34 bytes, Stack size 104 bytes, sos_filter.o(.text.sos_create_sos_select_332_73869083075977_2_0_2_20000_0))
<BR><BR>[Stack]<UL><LI>Max Depth = 264<LI>Call Chain = sos_create_sos_select_332_73869083075977_2_0_2_20000_0 &rArr; sos_create &rArr; __aeabi_dmul &rArr; _double_epilogue &rArr; _double_round
</UL>
<BR>[Calls]<UL><LI><a href="#[163]">&gt;&gt;</a>&nbsp;&nbsp;&nbsp;sos_create
<LI><a href="#[165]">&gt;&gt;</a>&nbsp;&nbsp;&nbsp;__aeabi_memcpy8
</UL>
<BR>[Address Reference Count : 2]<UL><LI> sos_filter.o(.data.g_detectorFilterItems)
<LI> sos_filter.o(.data.g_detectorFilterItems2)
</UL>
<P><STRONG><a name="[69]"></a>sos_create_sos_select_359_72422156037686_2_0_2_20000_0</STRONG> (Thumb, 34 bytes, Stack size 104 bytes, sos_filter.o(.text.sos_create_sos_select_359_72422156037686_2_0_2_20000_0))
<BR><BR>[Stack]<UL><LI>Max Depth = 264<LI>Call Chain = sos_create_sos_select_359_72422156037686_2_0_2_20000_0 &rArr; sos_create &rArr; __aeabi_dmul &rArr; _double_epilogue &rArr; _double_round
</UL>
<BR>[Calls]<UL><LI><a href="#[163]">&gt;&gt;</a>&nbsp;&nbsp;&nbsp;sos_create
<LI><a href="#[165]">&gt;&gt;</a>&nbsp;&nbsp;&nbsp;__aeabi_memcpy8
</UL>
<BR>[Address Reference Count : 2]<UL><LI> sos_filter.o(.data.g_detectorFilterItems)
<LI> sos_filter.o(.data.g_detectorFilterItems2)
</UL>
<P><STRONG><a name="[6a]"></a>sos_create_sos_select_388_89831313015645_2_0_2_20000_0</STRONG> (Thumb, 34 bytes, Stack size 104 bytes, sos_filter.o(.text.sos_create_sos_select_388_89831313015645_2_0_2_20000_0))
<BR><BR>[Stack]<UL><LI>Max Depth = 264<LI>Call Chain = sos_create_sos_select_388_89831313015645_2_0_2_20000_0 &rArr; sos_create &rArr; __aeabi_dmul &rArr; _double_epilogue &rArr; _double_round
</UL>
<BR>[Calls]<UL><LI><a href="#[163]">&gt;&gt;</a>&nbsp;&nbsp;&nbsp;sos_create
<LI><a href="#[165]">&gt;&gt;</a>&nbsp;&nbsp;&nbsp;__aeabi_memcpy8
</UL>
<BR>[Address Reference Count : 2]<UL><LI> sos_filter.o(.data.g_detectorFilterItems)
<LI> sos_filter.o(.data.g_detectorFilterItems2)
</UL>
<P><STRONG><a name="[6b]"></a>sos_create_sos_select_420_4384606058462_2_0_2_20000_0</STRONG> (Thumb, 34 bytes, Stack size 104 bytes, sos_filter.o(.text.sos_create_sos_select_420_4384606058462_2_0_2_20000_0))
<BR><BR>[Stack]<UL><LI>Max Depth = 264<LI>Call Chain = sos_create_sos_select_420_4384606058462_2_0_2_20000_0 &rArr; sos_create &rArr; __aeabi_dmul &rArr; _double_epilogue &rArr; _double_round
</UL>
<BR>[Calls]<UL><LI><a href="#[163]">&gt;&gt;</a>&nbsp;&nbsp;&nbsp;sos_create
<LI><a href="#[165]">&gt;&gt;</a>&nbsp;&nbsp;&nbsp;__aeabi_memcpy8
</UL>
<BR>[Address Reference Count : 2]<UL><LI> sos_filter.o(.data.g_detectorFilterItems)
<LI> sos_filter.o(.data.g_detectorFilterItems2)
</UL>
<P><STRONG><a name="[6c]"></a>sos_create_sos_select_454_5365541286187_2_0_2_20000_0</STRONG> (Thumb, 34 bytes, Stack size 104 bytes, sos_filter.o(.text.sos_create_sos_select_454_5365541286187_2_0_2_20000_0))
<BR><BR>[Stack]<UL><LI>Max Depth = 264<LI>Call Chain = sos_create_sos_select_454_5365541286187_2_0_2_20000_0 &rArr; sos_create &rArr; __aeabi_dmul &rArr; _double_epilogue &rArr; _double_round
</UL>
<BR>[Calls]<UL><LI><a href="#[163]">&gt;&gt;</a>&nbsp;&nbsp;&nbsp;sos_create
<LI><a href="#[165]">&gt;&gt;</a>&nbsp;&nbsp;&nbsp;__aeabi_memcpy8
</UL>
<BR>[Address Reference Count : 2]<UL><LI> sos_filter.o(.data.g_detectorFilterItems)
<LI> sos_filter.o(.data.g_detectorFilterItems2)
</UL>
<P><STRONG><a name="[6d]"></a>sos_create_sos_select_491_4000463739822_2_0_2_20000_0</STRONG> (Thumb, 34 bytes, Stack size 104 bytes, sos_filter.o(.text.sos_create_sos_select_491_4000463739822_2_0_2_20000_0))
<BR><BR>[Stack]<UL><LI>Max Depth = 264<LI>Call Chain = sos_create_sos_select_491_4000463739822_2_0_2_20000_0 &rArr; sos_create &rArr; __aeabi_dmul &rArr; _double_epilogue &rArr; _double_round
</UL>
<BR>[Calls]<UL><LI><a href="#[163]">&gt;&gt;</a>&nbsp;&nbsp;&nbsp;sos_create
<LI><a href="#[165]">&gt;&gt;</a>&nbsp;&nbsp;&nbsp;__aeabi_memcpy8
</UL>
<BR>[Address Reference Count : 2]<UL><LI> sos_filter.o(.data.g_detectorFilterItems)
<LI> sos_filter.o(.data.g_detectorFilterItems2)
</UL>
<P><STRONG><a name="[6e]"></a>sos_create_sos_select_531_2532146930977_2_0_2_20000_0</STRONG> (Thumb, 34 bytes, Stack size 104 bytes, sos_filter.o(.text.sos_create_sos_select_531_2532146930977_2_0_2_20000_0))
<BR><BR>[Stack]<UL><LI>Max Depth = 264<LI>Call Chain = sos_create_sos_select_531_2532146930977_2_0_2_20000_0 &rArr; sos_create &rArr; __aeabi_dmul &rArr; _double_epilogue &rArr; _double_round
</UL>
<BR>[Calls]<UL><LI><a href="#[163]">&gt;&gt;</a>&nbsp;&nbsp;&nbsp;sos_create
<LI><a href="#[165]">&gt;&gt;</a>&nbsp;&nbsp;&nbsp;__aeabi_memcpy8
</UL>
<BR>[Address Reference Count : 2]<UL><LI> sos_filter.o(.data.g_detectorFilterItems)
<LI> sos_filter.o(.data.g_detectorFilterItems2)
</UL>
<P><STRONG><a name="[6f]"></a>sos_create_sos_select_574_338525615356_2_0_2_20000_0</STRONG> (Thumb, 34 bytes, Stack size 104 bytes, sos_filter.o(.text.sos_create_sos_select_574_338525615356_2_0_2_20000_0))
<BR><BR>[Stack]<UL><LI>Max Depth = 264<LI>Call Chain = sos_create_sos_select_574_338525615356_2_0_2_20000_0 &rArr; sos_create &rArr; __aeabi_dmul &rArr; _double_epilogue &rArr; _double_round
</UL>
<BR>[Calls]<UL><LI><a href="#[163]">&gt;&gt;</a>&nbsp;&nbsp;&nbsp;sos_create
<LI><a href="#[165]">&gt;&gt;</a>&nbsp;&nbsp;&nbsp;__aeabi_memcpy8
</UL>
<BR>[Address Reference Count : 2]<UL><LI> sos_filter.o(.data.g_detectorFilterItems)
<LI> sos_filter.o(.data.g_detectorFilterItems2)
</UL>
<P><STRONG><a name="[70]"></a>sos_create_sos_select_620_9181100138519_2_0_2_20000_0</STRONG> (Thumb, 34 bytes, Stack size 104 bytes, sos_filter.o(.text.sos_create_sos_select_620_9181100138519_2_0_2_20000_0))
<BR><BR>[Stack]<UL><LI>Max Depth = 264<LI>Call Chain = sos_create_sos_select_620_9181100138519_2_0_2_20000_0 &rArr; sos_create &rArr; __aeabi_dmul &rArr; _double_epilogue &rArr; _double_round
</UL>
<BR>[Calls]<UL><LI><a href="#[163]">&gt;&gt;</a>&nbsp;&nbsp;&nbsp;sos_create
<LI><a href="#[165]">&gt;&gt;</a>&nbsp;&nbsp;&nbsp;__aeabi_memcpy8
</UL>
<BR>[Address Reference Count : 2]<UL><LI> sos_filter.o(.data.g_detectorFilterItems)
<LI> sos_filter.o(.data.g_detectorFilterItems2)
</UL>
<P><STRONG><a name="[71]"></a>sos_create_sos_select_671_2753579086483_2_0_2_20000_0</STRONG> (Thumb, 34 bytes, Stack size 104 bytes, sos_filter.o(.text.sos_create_sos_select_671_2753579086483_2_0_2_20000_0))
<BR><BR>[Stack]<UL><LI>Max Depth = 264<LI>Call Chain = sos_create_sos_select_671_2753579086483_2_0_2_20000_0 &rArr; sos_create &rArr; __aeabi_dmul &rArr; _double_epilogue &rArr; _double_round
</UL>
<BR>[Calls]<UL><LI><a href="#[163]">&gt;&gt;</a>&nbsp;&nbsp;&nbsp;sos_create
<LI><a href="#[165]">&gt;&gt;</a>&nbsp;&nbsp;&nbsp;__aeabi_memcpy8
</UL>
<BR>[Address Reference Count : 2]<UL><LI> sos_filter.o(.data.g_detectorFilterItems)
<LI> sos_filter.o(.data.g_detectorFilterItems2)
</UL>
<P><STRONG><a name="[72]"></a>sos_create_sos_select_725_7166426106195_2_0_2_20000_0</STRONG> (Thumb, 34 bytes, Stack size 104 bytes, sos_filter.o(.text.sos_create_sos_select_725_7166426106195_2_0_2_20000_0))
<BR><BR>[Stack]<UL><LI>Max Depth = 264<LI>Call Chain = sos_create_sos_select_725_7166426106195_2_0_2_20000_0 &rArr; sos_create &rArr; __aeabi_dmul &rArr; _double_epilogue &rArr; _double_round
</UL>
<BR>[Calls]<UL><LI><a href="#[163]">&gt;&gt;</a>&nbsp;&nbsp;&nbsp;sos_create
<LI><a href="#[165]">&gt;&gt;</a>&nbsp;&nbsp;&nbsp;__aeabi_memcpy8
</UL>
<BR>[Address Reference Count : 2]<UL><LI> sos_filter.o(.data.g_detectorFilterItems)
<LI> sos_filter.o(.data.g_detectorFilterItems2)
</UL>
<P><STRONG><a name="[73]"></a>sos_create_sos_select_784_5731846955453_2_0_2_20000_0</STRONG> (Thumb, 34 bytes, Stack size 104 bytes, sos_filter.o(.text.sos_create_sos_select_784_5731846955453_2_0_2_20000_0))
<BR><BR>[Stack]<UL><LI>Max Depth = 264<LI>Call Chain = sos_create_sos_select_784_5731846955453_2_0_2_20000_0 &rArr; sos_create &rArr; __aeabi_dmul &rArr; _double_epilogue &rArr; _double_round
</UL>
<BR>[Calls]<UL><LI><a href="#[163]">&gt;&gt;</a>&nbsp;&nbsp;&nbsp;sos_create
<LI><a href="#[165]">&gt;&gt;</a>&nbsp;&nbsp;&nbsp;__aeabi_memcpy8
</UL>
<BR>[Address Reference Count : 2]<UL><LI> sos_filter.o(.data.g_detectorFilterItems)
<LI> sos_filter.o(.data.g_detectorFilterItems2)
</UL>
<P><STRONG><a name="[74]"></a>sos_create_sos_select_848_2030671488724_2_0_2_20000_0</STRONG> (Thumb, 34 bytes, Stack size 104 bytes, sos_filter.o(.text.sos_create_sos_select_848_2030671488724_2_0_2_20000_0))
<BR><BR>[Stack]<UL><LI>Max Depth = 264<LI>Call Chain = sos_create_sos_select_848_2030671488724_2_0_2_20000_0 &rArr; sos_create &rArr; __aeabi_dmul &rArr; _double_epilogue &rArr; _double_round
</UL>
<BR>[Calls]<UL><LI><a href="#[163]">&gt;&gt;</a>&nbsp;&nbsp;&nbsp;sos_create
<LI><a href="#[165]">&gt;&gt;</a>&nbsp;&nbsp;&nbsp;__aeabi_memcpy8
</UL>
<BR>[Address Reference Count : 2]<UL><LI> sos_filter.o(.data.g_detectorFilterItems)
<LI> sos_filter.o(.data.g_detectorFilterItems2)
</UL>
<P><STRONG><a name="[75]"></a>sos_create_sos_select_916_9934139412852_2_0_2_20000_0</STRONG> (Thumb, 34 bytes, Stack size 104 bytes, sos_filter.o(.text.sos_create_sos_select_916_9934139412852_2_0_2_20000_0))
<BR><BR>[Stack]<UL><LI>Max Depth = 264<LI>Call Chain = sos_create_sos_select_916_9934139412852_2_0_2_20000_0 &rArr; sos_create &rArr; __aeabi_dmul &rArr; _double_epilogue &rArr; _double_round
</UL>
<BR>[Calls]<UL><LI><a href="#[163]">&gt;&gt;</a>&nbsp;&nbsp;&nbsp;sos_create
<LI><a href="#[165]">&gt;&gt;</a>&nbsp;&nbsp;&nbsp;__aeabi_memcpy8
</UL>
<BR>[Address Reference Count : 2]<UL><LI> sos_filter.o(.data.g_detectorFilterItems)
<LI> sos_filter.o(.data.g_detectorFilterItems2)
</UL>
<P><STRONG><a name="[76]"></a>sos_create_sos_select_991_3627452895154_2_0_2_20000_0</STRONG> (Thumb, 34 bytes, Stack size 104 bytes, sos_filter.o(.text.sos_create_sos_select_991_3627452895154_2_0_2_20000_0))
<BR><BR>[Stack]<UL><LI>Max Depth = 264<LI>Call Chain = sos_create_sos_select_991_3627452895154_2_0_2_20000_0 &rArr; sos_create &rArr; __aeabi_dmul &rArr; _double_epilogue &rArr; _double_round
</UL>
<BR>[Calls]<UL><LI><a href="#[163]">&gt;&gt;</a>&nbsp;&nbsp;&nbsp;sos_create
<LI><a href="#[165]">&gt;&gt;</a>&nbsp;&nbsp;&nbsp;__aeabi_memcpy8
</UL>
<BR>[Address Reference Count : 2]<UL><LI> sos_filter.o(.data.g_detectorFilterItems)
<LI> sos_filter.o(.data.g_detectorFilterItems2)
</UL>
<P><STRONG><a name="[77]"></a>sos_create_sos_select_1071_763523931801_2_0_2_20000_0</STRONG> (Thumb, 34 bytes, Stack size 104 bytes, sos_filter.o(.text.sos_create_sos_select_1071_763523931801_2_0_2_20000_0))
<BR><BR>[Stack]<UL><LI>Max Depth = 264<LI>Call Chain = sos_create_sos_select_1071_763523931801_2_0_2_20000_0 &rArr; sos_create &rArr; __aeabi_dmul &rArr; _double_epilogue &rArr; _double_round
</UL>
<BR>[Calls]<UL><LI><a href="#[163]">&gt;&gt;</a>&nbsp;&nbsp;&nbsp;sos_create
<LI><a href="#[165]">&gt;&gt;</a>&nbsp;&nbsp;&nbsp;__aeabi_memcpy8
</UL>
<BR>[Address Reference Count : 2]<UL><LI> sos_filter.o(.data.g_detectorFilterItems)
<LI> sos_filter.o(.data.g_detectorFilterItems2)
</UL>
<P><STRONG><a name="[78]"></a>sos_create_sos_select_1158_6849079095223_2_0_2_20000_0</STRONG> (Thumb, 34 bytes, Stack size 104 bytes, sos_filter.o(.text.sos_create_sos_select_1158_6849079095223_2_0_2_20000_0))
<BR><BR>[Stack]<UL><LI>Max Depth = 264<LI>Call Chain = sos_create_sos_select_1158_6849079095223_2_0_2_20000_0 &rArr; sos_create &rArr; __aeabi_dmul &rArr; _double_epilogue &rArr; _double_round
</UL>
<BR>[Calls]<UL><LI><a href="#[163]">&gt;&gt;</a>&nbsp;&nbsp;&nbsp;sos_create
<LI><a href="#[165]">&gt;&gt;</a>&nbsp;&nbsp;&nbsp;__aeabi_memcpy8
</UL>
<BR>[Address Reference Count : 2]<UL><LI> sos_filter.o(.data.g_detectorFilterItems)
<LI> sos_filter.o(.data.g_detectorFilterItems2)
</UL>
<P><STRONG><a name="[79]"></a>sos_create_sos_select_1252_6557266029217_2_0_2_20000_0</STRONG> (Thumb, 34 bytes, Stack size 104 bytes, sos_filter.o(.text.sos_create_sos_select_1252_6557266029217_2_0_2_20000_0))
<BR><BR>[Stack]<UL><LI>Max Depth = 264<LI>Call Chain = sos_create_sos_select_1252_6557266029217_2_0_2_20000_0 &rArr; sos_create &rArr; __aeabi_dmul &rArr; _double_epilogue &rArr; _double_round
</UL>
<BR>[Calls]<UL><LI><a href="#[163]">&gt;&gt;</a>&nbsp;&nbsp;&nbsp;sos_create
<LI><a href="#[165]">&gt;&gt;</a>&nbsp;&nbsp;&nbsp;__aeabi_memcpy8
</UL>
<BR>[Address Reference Count : 2]<UL><LI> sos_filter.o(.data.g_detectorFilterItems)
<LI> sos_filter.o(.data.g_detectorFilterItems2)
</UL>
<P><STRONG><a name="[7a]"></a>sos_create_sos_select_1354_2476981271082_2_0_2_20000_0</STRONG> (Thumb, 34 bytes, Stack size 104 bytes, sos_filter.o(.text.sos_create_sos_select_1354_2476981271082_2_0_2_20000_0))
<BR><BR>[Stack]<UL><LI>Max Depth = 264<LI>Call Chain = sos_create_sos_select_1354_2476981271082_2_0_2_20000_0 &rArr; sos_create &rArr; __aeabi_dmul &rArr; _double_epilogue &rArr; _double_round
</UL>
<BR>[Calls]<UL><LI><a href="#[163]">&gt;&gt;</a>&nbsp;&nbsp;&nbsp;sos_create
<LI><a href="#[165]">&gt;&gt;</a>&nbsp;&nbsp;&nbsp;__aeabi_memcpy8
</UL>
<BR>[Address Reference Count : 2]<UL><LI> sos_filter.o(.data.g_detectorFilterItems)
<LI> sos_filter.o(.data.g_detectorFilterItems2)
</UL>
<P><STRONG><a name="[7b]"></a>sos_create_sos_select_1464_0789076629737_2_0_2_20000_0</STRONG> (Thumb, 34 bytes, Stack size 104 bytes, sos_filter.o(.text.sos_create_sos_select_1464_0789076629737_2_0_2_20000_0))
<BR><BR>[Stack]<UL><LI>Max Depth = 264<LI>Call Chain = sos_create_sos_select_1464_0789076629737_2_0_2_20000_0 &rArr; sos_create &rArr; __aeabi_dmul &rArr; _double_epilogue &rArr; _double_round
</UL>
<BR>[Calls]<UL><LI><a href="#[163]">&gt;&gt;</a>&nbsp;&nbsp;&nbsp;sos_create
<LI><a href="#[165]">&gt;&gt;</a>&nbsp;&nbsp;&nbsp;__aeabi_memcpy8
</UL>
<BR>[Address Reference Count : 2]<UL><LI> sos_filter.o(.data.g_detectorFilterItems)
<LI> sos_filter.o(.data.g_detectorFilterItems2)
</UL>
<P><STRONG><a name="[7c]"></a>sos_create_sos_select_1582_8175678851428_2_0_2_20000_0</STRONG> (Thumb, 34 bytes, Stack size 104 bytes, sos_filter.o(.text.sos_create_sos_select_1582_8175678851428_2_0_2_20000_0))
<BR><BR>[Stack]<UL><LI>Max Depth = 264<LI>Call Chain = sos_create_sos_select_1582_8175678851428_2_0_2_20000_0 &rArr; sos_create &rArr; __aeabi_dmul &rArr; _double_epilogue &rArr; _double_round
</UL>
<BR>[Calls]<UL><LI><a href="#[163]">&gt;&gt;</a>&nbsp;&nbsp;&nbsp;sos_create
<LI><a href="#[165]">&gt;&gt;</a>&nbsp;&nbsp;&nbsp;__aeabi_memcpy8
</UL>
<BR>[Address Reference Count : 2]<UL><LI> sos_filter.o(.data.g_detectorFilterItems)
<LI> sos_filter.o(.data.g_detectorFilterItems2)
</UL>
<P><STRONG><a name="[7d]"></a>sos_create_sos_select_1711_1860843654463_2_0_2_20000_0</STRONG> (Thumb, 34 bytes, Stack size 104 bytes, sos_filter.o(.text.sos_create_sos_select_1711_1860843654463_2_0_2_20000_0))
<BR><BR>[Stack]<UL><LI>Max Depth = 264<LI>Call Chain = sos_create_sos_select_1711_1860843654463_2_0_2_20000_0 &rArr; sos_create &rArr; __aeabi_dmul &rArr; _double_epilogue &rArr; _double_round
</UL>
<BR>[Calls]<UL><LI><a href="#[163]">&gt;&gt;</a>&nbsp;&nbsp;&nbsp;sos_create
<LI><a href="#[165]">&gt;&gt;</a>&nbsp;&nbsp;&nbsp;__aeabi_memcpy8
</UL>
<BR>[Address Reference Count : 2]<UL><LI> sos_filter.o(.data.g_detectorFilterItems)
<LI> sos_filter.o(.data.g_detectorFilterItems2)
</UL>
<P><STRONG><a name="[7e]"></a>sos_create_sos_select_1849_9654506857419_2_0_2_20000_0</STRONG> (Thumb, 34 bytes, Stack size 104 bytes, sos_filter.o(.text.sos_create_sos_select_1849_9654506857419_2_0_2_20000_0))
<BR><BR>[Stack]<UL><LI>Max Depth = 264<LI>Call Chain = sos_create_sos_select_1849_9654506857419_2_0_2_20000_0 &rArr; sos_create &rArr; __aeabi_dmul &rArr; _double_epilogue &rArr; _double_round
</UL>
<BR>[Calls]<UL><LI><a href="#[163]">&gt;&gt;</a>&nbsp;&nbsp;&nbsp;sos_create
<LI><a href="#[165]">&gt;&gt;</a>&nbsp;&nbsp;&nbsp;__aeabi_memcpy8
</UL>
<BR>[Address Reference Count : 2]<UL><LI> sos_filter.o(.data.g_detectorFilterItems)
<LI> sos_filter.o(.data.g_detectorFilterItems2)
</UL>
<P><STRONG><a name="[7f]"></a>sos_create_sos_select_2000_0000000000002_2_0_2_20000_0</STRONG> (Thumb, 34 bytes, Stack size 104 bytes, sos_filter.o(.text.sos_create_sos_select_2000_0000000000002_2_0_2_20000_0))
<BR><BR>[Stack]<UL><LI>Max Depth = 264<LI>Call Chain = sos_create_sos_select_2000_0000000000002_2_0_2_20000_0 &rArr; sos_create &rArr; __aeabi_dmul &rArr; _double_epilogue &rArr; _double_round
</UL>
<BR>[Calls]<UL><LI><a href="#[163]">&gt;&gt;</a>&nbsp;&nbsp;&nbsp;sos_create
<LI><a href="#[165]">&gt;&gt;</a>&nbsp;&nbsp;&nbsp;__aeabi_memcpy8
</UL>
<BR>[Address Reference Count : 2]<UL><LI> sos_filter.o(.data.g_detectorFilterItems)
<LI> sos_filter.o(.data.g_detectorFilterItems2)
</UL>
<P><STRONG><a name="[16f]"></a>_fp_digits</STRONG> (Thumb, 366 bytes, Stack size 64 bytes, printfa.o(i._fp_digits), UNUSED)
<BR><BR>[Calls]<UL><LI><a href="#[ee]">&gt;&gt;</a>&nbsp;&nbsp;&nbsp;__aeabi_dmul
<LI><a href="#[ef]">&gt;&gt;</a>&nbsp;&nbsp;&nbsp;__aeabi_ddiv
<LI><a href="#[e8]">&gt;&gt;</a>&nbsp;&nbsp;&nbsp;__aeabi_dadd
<LI><a href="#[e0]">&gt;&gt;</a>&nbsp;&nbsp;&nbsp;__aeabi_uldivmod
<LI><a href="#[f7]">&gt;&gt;</a>&nbsp;&nbsp;&nbsp;__aeabi_d2ulz
<LI><a href="#[170]">&gt;&gt;</a>&nbsp;&nbsp;&nbsp;__aeabi_cdrcmple
</UL>
<BR>[Called By]<UL><LI><a href="#[167]">&gt;&gt;</a>&nbsp;&nbsp;&nbsp;_printf_core
</UL>

<P><STRONG><a name="[167]"></a>_printf_core</STRONG> (Thumb, 1744 bytes, Stack size 136 bytes, printfa.o(i._printf_core), UNUSED)
<BR><BR>[Calls]<UL><LI><a href="#[e0]">&gt;&gt;</a>&nbsp;&nbsp;&nbsp;__aeabi_uldivmod
<LI><a href="#[173]">&gt;&gt;</a>&nbsp;&nbsp;&nbsp;__aeabi_uidivmod
<LI><a href="#[171]">&gt;&gt;</a>&nbsp;&nbsp;&nbsp;_printf_pre_padding
<LI><a href="#[172]">&gt;&gt;</a>&nbsp;&nbsp;&nbsp;_printf_post_padding
<LI><a href="#[16f]">&gt;&gt;</a>&nbsp;&nbsp;&nbsp;_fp_digits
</UL>
<BR>[Called By]<UL><LI><a href="#[168]">&gt;&gt;</a>&nbsp;&nbsp;&nbsp;__0vsnprintf
<LI><a href="#[166]">&gt;&gt;</a>&nbsp;&nbsp;&nbsp;__0printf
</UL>

<P><STRONG><a name="[172]"></a>_printf_post_padding</STRONG> (Thumb, 36 bytes, Stack size 24 bytes, printfa.o(i._printf_post_padding), UNUSED)
<BR><BR>[Called By]<UL><LI><a href="#[167]">&gt;&gt;</a>&nbsp;&nbsp;&nbsp;_printf_core
</UL>

<P><STRONG><a name="[171]"></a>_printf_pre_padding</STRONG> (Thumb, 46 bytes, Stack size 24 bytes, printfa.o(i._printf_pre_padding), UNUSED)
<BR><BR>[Called By]<UL><LI><a href="#[167]">&gt;&gt;</a>&nbsp;&nbsp;&nbsp;_printf_core
</UL>

<P><STRONG><a name="[dd]"></a>_snputc</STRONG> (Thumb, 22 bytes, Stack size 0 bytes, printfa.o(i._snputc))
<BR>[Address Reference Count : 1]<UL><LI> printfa.o(i.__0vsnprintf)
</UL>
<P><STRONG><a name="[16e]"></a>internal_alloc</STRONG> (Thumb, 76 bytes, Stack size 24 bytes, mallocr.o(i.internal_alloc))
<BR><BR>[Stack]<UL><LI>Max Depth = 32<LI>Call Chain = internal_alloc &rArr; __aeabi_memcpy
</UL>
<BR>[Calls]<UL><LI><a href="#[174]">&gt;&gt;</a>&nbsp;&nbsp;&nbsp;__aeabi_memcpy
</UL>
<BR>[Called By]<UL><LI><a href="#[15b]">&gt;&gt;</a>&nbsp;&nbsp;&nbsp;realloc
<LI><a href="#[e7]">&gt;&gt;</a>&nbsp;&nbsp;&nbsp;malloc
</UL>
<P>
<H3>
Undefined Global Symbols
</H3><HR></body></html>
